Script started on 2020-01-30 15:58:38-05:00 [TERM="xterm-256color" TTY="/dev/pts/0" COLUMNS="132" LINES="25"]
bash: /home/umrigar/cs240/bin/student.rc: Permission denied
bcohada1@g7-06:~/tmp/lab0$ ssh=-[K[K-keyt[Kgen
Generating public/private rsa key pair.
Enter file in which to save the key (/home/bcohada1/.ssh/id_rsa): 
/home/bcohada1/.ssh/id_rsa already exists.
Overwrite (y/n)? y
Enter passphrase (empty for no passphrase): 
Enter same passphrase again: 
Your identification has been saved in /home/bcohada1/.ssh/id_rsa.
Your public key has been saved in /home/bcohada1/.ssh/id_rsa.pub.
The key fingerprint is:
SHA256:zHmeuEc+FuiQPE8cLx8h8jF+jRqjnyADeIEef4F9Bhg bcohada1@g7-06
The key's randomart image is:
+---[RSA 2048]----+
|   Eo.           |
| . .o .          |
|.... o o         |
|..o.  =o=..      |
|..o. o *SB.+     |
| . .. = X+B..    |
|    o .B.Xoo     |
|     o..+o*      |
|       .+o .     |
+----[SHA256]-----+
bcohada1@g7-06:~/tmp/lab0$ 
bcohada1@g7-06:~/tmp/lab0$ ssh-cop-[Ky-id -i bcohada1@remote
/usr/bin/ssh-copy-id: INFO: Source of key(s) to be installed: "/home/bcohada1/.ssh/id_rsa.pub"
/usr/bin/ssh-copy-id: INFO: attempting to log in with the new key(s), to filter out any that are already installed
/usr/bin/ssh-copy-id: INFO: 1 key(s) remain to be installed -- if you are prompted now it is to install the new keys
bcohada1@remote's password: 
Permission denied, please try again.
bcohada1@remote's password: 
/home/bcohada1/.bashrc: line 1: /home/umrigar/cs240/bin/student.rc: Permission denied

Number of key(s) added: 1

Now try logging into the machine, with:   "ssh 'bcohada1@remote'"
and check to make sure that only the key(s) you wanted were added.

bcohada1@g7-06:~/tmp/lab0$ ssh @[K2[K'bcohada1@remote@[K'
Warning: Permanently added the ECDSA host key for IP address '128.226.114.207' to the list of known hosts.
Linux remote07 4.19.0-5-amd64 #1 SMP Debian 4.19.37-5 (2019-06-19) x86_64

The programs included with the Debian GNU/Linux system are free software;
the exact distribution terms for each program are described in the
individual files in /usr/share/doc/*/copyright.

Debian GNU/Linux comes with ABSOLUTELY NO WARRANTY, to the extent
permitted by applicable law.
bcohada1@remote07:~$ `[K~/profile..profile.v~/.profile.'~/.profile.[1P~/.profile.i~/.profile.m~/.profile.[1P~/.profile.m~/.profile. ~/.profile.
[?1000h[?2004h[?1049h[22;0;0t[?1h=[?2004h[1;25r[?12h[?12l[22;2t[22;1t[27m[23m[29m[m[H[2J[?25l[25;1H"~/.profile." 4L, 115C[2;1Hâ–½[6n[2;1H  [1;1H[>c]10;?]11;?[1;1H[38;5;130m. [m~umrigar/cs240/bin/student.profile.
[38;5;130m. [m~umrigar/cs240/bin/student.profile.
[38;5;130m. [m~umrigar/cs240/bin/student.profile.

[94m~                                                                                                                                   [6;1H~                                                                                                                                   [7;1H~                                                                                                                                   [8;1H~                                                                                                                                   [9;1H~                                                                                                                                   [10;1H~                                                                                                                                   [11;1H~                                                                                                                                   [12;1H~                                                                                                                                   [13;1H~                                                                                                                                   [14;1H~                                                                                                                                   [15;1H~                                                                                                                                   [16;1H~                                                                                                                                   [17;1H~                                                                                                                                   [18;1H~                                                                                                                                   [19;1H~                                                                                                                                   [20;1H~                                                                                                                                   [21;1H~                                                                                                                                   [22;1H~                                                                                                                                   [23;1H~                                                                                                                                   [24;1H~                                                                                                                                   [m[25;115H4,0-1[9CAll[4;1H[?25hP+q436f\P+q6b75\P+q6b64\P+q6b72\P+q6b6c\P+q2332\P+q2334\P+q2569\P+q2a37\P+q6b31\[?1000l[?1006h[?1002h[?1006l[?1002l[?1006h[?1002h[27m[23m[29m[m[H[2J[?25l[1;1H[93m. [m~umrigar/cs240/bin/student.profile.
[93m. [m~umrigar/cs240/bin/student.profile.
[93m. [m~umrigar/cs240/bin/student.profile.

[94m~                                                                                                                                   [6;1H~                                                                                                                                   [7;1H~                                                                                                                                   [8;1H~                                                                                                                                   [9;1H~                                                                                                                                   [10;1H~                                                                                                                                   [11;1H~                                                                                                                                   [12;1H~                                                                                                                                   [13;1H~                                                                                                                                   [14;1H~                                                                                                                                   [15;1H~                                                                                                                                   [16;1H~                                                                                                                                   [17;1H~                                                                                                                                   [18;1H~                                                                                                                                   [19;1H~                                                                                                                                   [20;1H~                                                                                                                                   [21;1H~                                                                                                                                   [22;1H~                                                                                                                                   [23;1H~                                                                                                                                   [24;1H~                                                                                                                                   [m[25;115H4,0-1[9CAll"~/.profile." 4L, 115C[4;1H[?25h[?25l[25;105H^[[4;1H[25;105H  [4;1H[25;105H^[[4;1H[25;105H  [4;1H[?25h[?25l[25;105H^[[4;1H[25;105H  [4;1H[25;105H^[[4;1H[25;105H  [4;1H[?25h[?25l[25;105H^[[4;1H[25;105H  [4;1H[25;105H^[[4;1H[25;105H  [4;1H[?25h[?25l[25;105H^[[4;1H[25;105H  [4;1H[25;105H^[[4;1H[25;105H  [4;1H[?25h[?25l[25;105H^[[4;1H[25;105H  [4;1H[25;105H^[[4;1H[25;105H  [4;1H[?25h[?25l[25;105H^[[4;1H[25;105H  [4;1H[25;105H^[[4;1H[25;105H  [4;1H[?25h[?25l[25;105H^M[4;1H[25;105H  [4;1H[?25h[?25l[25;105H~@k[4;1H[25;105H   [3;37H[25;115H3,37 [3;37H[?25h[?25l[25;105H^M[3;37H[25;105H  [4;1H[25;115H4,0-1[4;1H[?25h[?25l[25;105H^[[4;1H[25;105H  [4;1H[25;105H^[[4;1H[25;105H  [4;1H[?25h[?25l[25;105H^[[4;1H[25;105H  [4;1H[25;105H^[[4;1H[25;105H  [4;1H[?25h[?25l[25;105H^[[4;1H[25;105H  [4;1H[25;105H^[[4;1H[25;105H  [4;1H[?25h[?25l[25;105H^[[4;1H[25;105H  [4;1H[25;105H^[[4;1H[25;105H  [4;1H[?25h[?25l[25;105H^[[4;1H[25;105H  [4;1H[25;105H^[[4;1H[25;105H  [4;1H[?25h[?25l[25;105H^[[4;1H[25;105H  [4;1H[25;105H^[[4;1H[25;105H  [4;1H[?25h[?25l[25;105H^[[4;1H[25;105H  [4;1H[25;105H^[[4;1H[25;105H  [4;1H[?25h[?25l[25;105H.[4;1H[25;105H [4;1H[?25h[?25l[25;105H.[4;1H[25;105H [4;1H[?25h[?25l[25;105H.[4;1H[25;105H [4;1H[?25h[?25l[25;105H<20>[4;1H[25;105H    [4;1H[?25h[?25l[25;105Ha[4;1H[25;105H [4;1H[25;1H[1m-- INSERT --[m[25;13H[K[25;115H4,1[11CAll[4;1H[?25h[?25ls[25;117H2[4;2H[?25h[?25ld[25;117H3[4;3H[?25h[?25l[4;2H[K[25;117H2[4;2H[?25h[?25l[4;1H[K[25;117H1[4;1H[?25h[25;1H[K[4;1H[?25l[25;105H^[[4;1H[25;105H  [4;1H[25;115H4,0-1[9CAll[4;1H[?25h[?25l[25;105H^[[4;1H[25;105H  [4;1H[25;105H^[[4;1H[25;105H  [4;1H[?25h[?25l[25;105H?[4;1H[25;105H[K[25;1H?[?2004h[?25h [?25l[4;1H[25;115H4,0-1[9CAll[4;1H[?25h[?25l[25;105H:[4;1H[25;105H[K[25;1H:[?2004h[?25hx[?25l[?25h[?25l[?1006l[?1002l[?2004l".profile." 4L, 115C written[23;2t[23;1t[22;2t[22;1t[23;2t[23;1t
[?2004l[?1l>[?25h[?1049l[23;0;0tbcohada1@remote07:~$ vim ~[K[K[K[K[Kvim ~/.profile.
[?1000h[?2004h[?1049h[22;0;0t[?1h=[?2004h[1;25r[?12h[?12l[22;2t[22;1t[27m[23m[29m[m[H[2J[?25l[25;1H"~/.profile." 4L, 115C[2;1Hâ–½[6n[2;1H  [1;1H[>c]10;?]11;?[1;1H[38;5;130m. [m~umrigar/cs240/bin/student.profile.
[38;5;130m. [m~umrigar/cs240/bin/student.profile.
[38;5;130m. [m~umrigar/cs240/bin/student.profile.

[94m~                                                                                                                                   [6;1H~                                                                                                                                   [7;1H~                                                                                                                                   [8;1H~                                                                                                                                   [9;1H~                                                                                                                                   [10;1H~                                                                                                                                   [11;1H~                                                                                                                                   [12;1H~                                                                                                                                   [13;1H~                                                                                                                                   [14;1H~                                                                                                                                   [15;1H~                                                                                                                                   [16;1H~                                                                                                                                   [17;1H~                                                                                                                                   [18;1H~                                                                                                                                   [19;1H~                                                                                                                                   [20;1H~                                                                                                                                   [21;1H~                                                                                                                                   [22;1H~                                                                                                                                   [23;1H~                                                                                                                                   [24;1H~                                                                                                                                   [m[25;115H4,0-1[9CAll[4;1H[?25hP+q436f\P+q6b75\P+q6b64\P+q6b72\P+q6b6c\P+q2332\P+q2334\P+q2569\P+q2a37\P+q6b31\[?1000l[?1006h[?1002h[?1006l[?1002l[?1006h[?1002h[27m[23m[29m[m[H[2J[?25l[1;1H[93m. [m~umrigar/cs240/bin/student.profile.
[93m. [m~umrigar/cs240/bin/student.profile.
[93m. [m~umrigar/cs240/bin/student.profile.

[94m~                                                                                                                                   [6;1H~                                                                                                                                   [7;1H~                                                                                                                                   [8;1H~                                                                                                                                   [9;1H~                                                                                                                                   [10;1H~                                                                                                                                   [11;1H~                                                                                                                                   [12;1H~                                                                                                                                   [13;1H~                                                                                                                                   [14;1H~                                                                                                                                   [15;1H~                                                                                                                                   [16;1H~                                                                                                                                   [17;1H~                                                                                                                                   [18;1H~                                                                                                                                   [19;1H~                                                                                                                                   [20;1H~                                                                                                                                   [21;1H~                                                                                                                                   [22;1H~                                                                                                                                   [23;1H~                                                                                                                                   [24;1H~                                                                                                                                   [m[25;115H4,0-1[9CAll"~/.profile." 4L, 115C[4;1H[?25h[?25l[25;105Ha[4;1H[25;105H [4;1H[25;1H[1m-- INSERT --[m[25;13H[K[25;115H4,1[11CAll[4;1H[?25h[?25ls[25;117H2[4;2H[?25h[?25ld[25;117H3[4;3H[?25h[?25la[25;117H4[4;4H[?25h[?25ls[25;117H5[4;5H[?25h[?25ld[25;117H6[4;6H[?25h[?25la[25;117H7[4;7H[?25h[?25ls[25;117H8[4;8H[?25h[25;1H[K[4;7H[?25l[25;105H^[[4;7H[25;105H  [4;8H[25;115H4,7[11CAll[4;7H[?25h[?25l[25;105H~@k[4;7H[25;105H   [4;6H[25;117H6[4;6H[?25h[?25l[25;105H~@k[4;6H[25;105H   [4;5H[25;117H5[4;5H[?25h[?25l[25;105H^Z[4;5H[25;1H
[?2004l[?1l>[?25h[?1049l[23;0;0t[23;2t[23;1t[22;2t[22;1t[?1006l[?1002l[?2004l
[1]+  Stopped                 vim ~/.profile.
bcohada1@remote07:~$ vim ~/.profile.
[?1000h[?2004h[?1049h[22;0;0t[?1h=[?2004h[1;25r[?12h[?12l[22;2t[22;1t[27m[23m[29m[m[H[2J[?25l[25;1H[97m[41mE325: ATTENTION[m
Found a swap file by the name "~/.profile..swp"
[10Cowned by: bcohada1   dated: Thu Jan 30 16:01:45 2020
[9Cfile name: ~bcohada1/.profile.
[10Cmodified: YES
[9Cuser name: bcohada1   host name: remote07
[8Cprocess ID: 2189733 (STILL RUNNING)
While opening file "/home/bcohada1/.profile."
[13Cdated: Thu Jan 30 16:01:26 2020

(1) Another program may be editing the same file.  If this is the case,
    be careful not to end up with two different instances of the same
    file when making changes.  Quit, or continue with caution.
(2) An edit session for this file crashed.
    If this is the case, use ":recover" or "vim -r /home/bcohada1/.profile."
    to recover the changes (see ":help recovery").
    If you did this already, delete the swap file "/home/bcohada1/.profile..swp"
    to avoid this message.
[?1000l
[32mSwap file "~/.profile..swp" already exists![m
[32m[O]pen Read-Only, (E)dit anyway, (R)ecover, (Q)uit, (A)bort: [?25h[?1000h[m[25;1H[K[?25l[25;1H"~/.profile." 4L, 115C
Using swap file "~/.profile..swp"
Original file "~/.profile."
[97m[41mE309: Unable to read block 1 from /home/bcohada1/.profile..swp[m
[2;1Hâ–½[6n[2;1H  [1;1H[>c]10;?]11;?[?1000l[25;1H[32mPress ENTER or type command to continue[?25hP+q436f\P+q6b75\P+q6b64\P+q6b72\P+q6b6c\P+q2332\P+q2334\P+q2569\P+q2a37\P+q6b31\[?1006h[?1002h[27m[23m[29m[m[H[2J[?25l[1;1H[93m. [m~umrigar/cs240/bin/student.profile.
[93m. [m~umrigar/cs240/bin/student.profile.
[93m. [m~umrigar/cs240/bin/student.profile.


[94m~                                                                                                                                   [7;1H~                                                                                                                                   [8;1H~                                                                                                                                   [9;1H~                                                                                                                                   [10;1H~                                                                                                                                   [11;1H~                                                                                                                                   [12;1H~                                                                                                                                   [13;1H~                                                                                                                                   [14;1H~                                                                                                                                   [15;1H~                                                                                                                                   [16;1H~                                                                                                                                   [17;1H~                                                                                                                                   [18;1H~                                                                                                                                   [19;1H~                                                                                                                                   [20;1H~                                                                                                                                   [21;1H~                                                                                                                                   [22;1H~                                                                                                                                   [23;1H~                                                                                                                                   [24;1H~                                                                                                                                   [m[25;115H4,0-1[9CAll[4;1H[?25h[?25l[25;105H:[4;1H[25;105H[K[25;1H:[?2004h[?25hx[?25l[?25h[?25l[?1006l[?1002l[?2004l[23;2t[23;1t[22;2t[22;1t[23;2t[23;1t[25;1H[K[25;1H[?2004l[?1l>[?25h[?1049l[23;0;0tbcohada1@remote07:~$ vim ~/.profile.[K[K[K[K[K[K[K[Kbashrcx[K
[?1000h[?2004h[?1049h[22;0;0t[?1h=[?2004h[1;25r[?12h[?12l[22;2t[22;1t[27m[23m[29m[m[H[2J[?25l[25;1H"~/.bashrc" 1L, 32C[2;1Hâ–½[6n[2;1H  [1;1H[>c]10;?]11;?[1;1H[38;5;130m. [m~umrigar/cs240/bin/student.rc
[94m~                                                                                                                                   [3;1H~                                                                                                                                   [4;1H~                                                                                                                                   [5;1H~                                                                                                                                   [6;1H~                                                                                                                                   [7;1H~                                                                                                                                   [8;1H~                                                                                                                                   [9;1H~                                                                                                                                   [10;1H~                                                                                                                                   [11;1H~                                                                                                                                   [12;1H~                                                                                                                                   [13;1H~                                                                                                                                   [14;1H~                                                                                                                                   [15;1H~                                                                                                                                   [16;1H~                                                                                                                                   [17;1H~                                                                                                                                   [18;1H~                                                                                                                                   [19;1H~                                                                                                                                   [20;1H~                                                                                                                                   [21;1H~                                                                                                                                   [22;1H~                                                                                                                                   [23;1H~                                                                                                                                   [24;1H~                                                                                                                                   [m[25;115H1,31[10CAll[1;31H[?25hP+q436f\P+q6b75\P+q6b64\P+q6b72\P+q6b6c\P+q2332\P+q2334\P+q2569\P+q2a37\P+q6b31\[?1000l[?1006h[?1002h[?1006l[?1002l[?1006h[?1002h[27m[23m[29m[m[H[2J[?25l[1;1H[93m. [m~umrigar/cs240/bin/student.rc
[94m~                                                                                                                                   [3;1H~                                                                                                                                   [4;1H~                                                                                                                                   [5;1H~                                                                                                                                   [6;1H~                                                                                                                                   [7;1H~                                                                                                                                   [8;1H~                                                                                                                                   [9;1H~                                                                                                                                   [10;1H~                                                                                                                                   [11;1H~                                                                                                                                   [12;1H~                                                                                                                                   [13;1H~                                                                                                                                   [14;1H~                                                                                                                                   [15;1H~                                                                                                                                   [16;1H~                                                                                                                                   [17;1H~                                                                                                                                   [18;1H~                                                                                                                                   [19;1H~                                                                                                                                   [20;1H~                                                                                                                                   [21;1H~                                                                                                                                   [22;1H~                                                                                                                                   [23;1H~                                                                                                                                   [24;1H~                                                                                                                                   [m[25;115H1,31[10CAll"~/.bashrc" 1L, 32C[1;31H[?25h[?25l[25;105H^[[1;31H[25;105H  [1;31H[25;105H^[[1;31H[25;105H  [1;31H[?25h[?25l[25;105H^[[1;31H[25;105H  [1;31H[25;105H^[[1;31H[25;105H  [1;31H[?25h[?25l[25;105Hs[1;31H[25;105H [1;31H[25;105Hcl[1;31H[25;105H  [1;31H[25;1H[1m-- INSERT --[m[25;13H[K[25;115H1,31[10CAll[1;30H[93mr[m[1;31H[K[1;31H[?25h[?25lra[25;118H2[1;32H[?25h[?25ld[25;118H3[1;33H[?25h[?25l[1;32H[K[25;118H2[1;32H[?25h[?25l[93mr[m[1;31H[K[25;118H1[1;31H[?25h[?25lrc[25;118H2[1;32H[?25h[25;1H[K[1;31H[?25l[25;105H^[[1;31H[25;105H  [1;32H[25;115H1,31[10CAll[1;31H[?25h[?25l[25;105H^[[1;31H[25;105H  [1;31H[25;105H^[[1;31H[25;105H  [1;31H[?25h[?25l[25;105H~@k[1;31H[25;105H   [1;31H[?25h[?25l[25;105H:[1;31H[25;105H[K[25;1H:[?2004h[?25hx[?25l[?25h[?25l[?1006l[?1002l[?2004l".bashrc" 1L, 32C written[23;2t[23;1t[22;2t[22;1t[23;2t[23;1t
[?2004l[?1l>[?25h[?1049l[23;0;0tbcohada1@remote07:~$ ssh?/[K[K://bcohada1@[K[K[K[K[K[K[K[K[K[K[K[K[K[K[Kmkdur[K[Kir -p ~/profe[K[Kjects
bcohada1@remote07:~$ cd ~/projects
bcohada1@remote07:~/projects$ g't[K[Kit clone ssh?[K://bcohada1@remote.[K[K[K[K[K[K[K[K[K[K[K[K[K[K[K[K[K[K[K[K[K[K[K[K[K[K[K[K[K[K[K[Kcd ~/projects[6@mkdir -p[C[C[C[C[C[C[C[C[C[C[C[6Pvim ~/.bashrcprofile.[K[K[K[K[K[K[K[K[K[K[K[K[K[K[K~/.profile.\ls[Kssh 'bcohada1@remote'-copy-id -i bcohada1@remotekeygen[Kcopy-id -i bcohada1@remotekeygen[Kcopy-id -i bcohada1@remote[9P 'bcohada1@remote'ls[K~/.profile\.[K[Kvim ~/.profile.[K[K[K[K[K[K[K[K[K[K[K[K[K[K[Kvim ~/.bashrcmkdir -p ~/projects[6Pcd[C[C[C[C[C[C[C[C[C[C[C[Kcd ~/projects[6@mkdir -p[C[C[C[C[C[C[C[C[C[C[C[6Pvim ~/.bashrc[Kvim ~/.profile.[K~/.profile.\ls[Kssh 'bcohada1@remote'-copy-id -i bcohada1@remotekeygen[Kcopy-id -i bcohada1@remotea1/:[Kls ~/.ssh;[Kcd lab0ls[Kcd tmp[4Plsssh-copy-id -i bcohada1@remote[20Pls ~/.ssh;[K .ssh;/ssh;[Kid[Kssh-copy-id -i berkcohadar@remote[3Pcohada1@remotecd[Kssh-copy-id -i 14778@remote7@remoteid -u[Kssh-copy-id -i berkcohadar@remote[3Pcohada1@remote.cs.binghamton.edu[Kremote.cs[Kssh-copy-id -i berkcohadar@remote[3Pcohada1@remote[K[K[K[K[K[K[K[K[K[K[K[K[K[K[K[K[K[K[K[K[K[K[K[K[K[K[K[K[K[Kgit clone ssh?[K://bcohada1[K1@remort[K[Kre[K[Kte/[K/[K.cs.binghamton.edu/~umrigar/git-repos/cs240.git
Cloning into 'cs240'...
The authenticity of host 'remote.cs.binghamton.edu (128.226.114.207)' can't be established.
ECDSA key fingerprint is SHA256:UEIh1TASIC96TC1hhxVbkVS0DrddNKHk7Q2nzgDCt+Y.
Are you sure you want to continue connecting (yes/no)? yes
Warning: Permanently added 'remote.cs.binghamton.edu' (ECDSA) to the list of known hosts.
/home/bcohada1/.bashrc: line 1: /home/umrigar/cs240/bin/student.rc: Permission denied
remote: Enumerating objects: 352, done.[K
remote: Counting objects:   0% (1/352)   [Kremote: Counting objects:   1% (4/352)   [Kremote: Counting objects:   2% (8/352)   [Kremote: Counting objects:   3% (11/352)   [Kremote: Counting objects:   4% (15/352)   [Kremote: Counting objects:   5% (18/352)   [Kremote: Counting objects:   6% (22/352)   [Kremote: Counting objects:   7% (25/352)   [Kremote: Counting objects:   8% (29/352)   [Kremote: Counting objects:   9% (32/352)   [Kremote: Counting objects:  10% (36/352)   [Kremote: Counting objects:  11% (39/352)   [Kremote: Counting objects:  12% (43/352)   [Kremote: Counting objects:  13% (46/352)   [Kremote: Counting objects:  14% (50/352)   [Kremote: Counting objects:  15% (53/352)   [Kremote: Counting objects:  16% (57/352)   [Kremote: Counting objects:  17% (60/352)   [Kremote: Counting objects:  18% (64/352)   [Kremote: Counting objects:  19% (67/352)   [Kremote: Counting objects:  20% (71/352)   [Kremote: Counting objects:  21% (74/352)   [Kremote: Counting objects:  22% (78/352)   [Kremote: Counting objects:  23% (81/352)   [Kremote: Counting objects:  24% (85/352)   [Kremote: Counting objects:  25% (88/352)   [Kremote: Counting objects:  26% (92/352)   [Kremote: Counting objects:  27% (96/352)   [Kremote: Counting objects:  28% (99/352)   [Kremote: Counting objects:  29% (103/352)   [Kremote: Counting objects:  30% (106/352)   [Kremote: Counting objects:  31% (110/352)   [Kremote: Counting objects:  32% (113/352)   [Kremote: Counting objects:  33% (117/352)   [Kremote: Counting objects:  34% (120/352)   [Kremote: Counting objects:  35% (124/352)   [Kremote: Counting objects:  36% (127/352)   [Kremote: Counting objects:  37% (131/352)   [Kremote: Counting objects:  38% (134/352)   [Kremote: Counting objects:  39% (138/352)   [Kremote: Counting objects:  40% (141/352)   [Kremote: Counting objects:  41% (145/352)   [Kremote: Counting objects:  42% (148/352)   [Kremote: Counting objects:  43% (152/352)   [Kremote: Counting objects:  44% (155/352)   [Kremote: Counting objects:  45% (159/352)   [Kremote: Counting objects:  46% (162/352)   [Kremote: Counting objects:  47% (166/352)   [Kremote: Counting objects:  48% (169/352)   [Kremote: Counting objects:  49% (173/352)   [Kremote: Counting objects:  50% (176/352)   [Kremote: Counting objects:  51% (180/352)   [Kremote: Counting objects:  52% (184/352)   [Kremote: Counting objects:  53% (187/352)   [Kremote: Counting objects:  54% (191/352)   [Kremote: Counting objects:  55% (194/352)   [Kremote: Counting objects:  56% (198/352)   [Kremote: Counting objects:  57% (201/352)   [Kremote: Counting objects:  58% (205/352)   [Kremote: Counting objects:  59% (208/352)   [Kremote: Counting objects:  60% (212/352)   [Kremote: Counting objects:  61% (215/352)   [Kremote: Counting objects:  62% (219/352)   [Kremote: Counting objects:  63% (222/352)   [Kremote: Counting objects:  64% (226/352)   [Kremote: Counting objects:  65% (229/352)   [Kremote: Counting objects:  66% (233/352)   [Kremote: Counting objects:  67% (236/352)   [Kremote: Counting objects:  68% (240/352)   [Kremote: Counting objects:  69% (243/352)   [Kremote: Counting objects:  70% (247/352)   [Kremote: Counting objects:  71% (250/352)   [Kremote: Counting objects:  72% (254/352)   [Kremote: Counting objects:  73% (257/352)   [Kremote: Counting objects:  74% (261/352)   [Kremote: Counting objects:  75% (264/352)   [Kremote: Counting objects:  76% (268/352)   [Kremote: Counting objects:  77% (272/352)   [Kremote: Counting objects:  78% (275/352)   [Kremote: Counting objects:  79% (279/352)   [Kremote: Counting objects:  80% (282/352)   [Kremote: Counting objects:  81% (286/352)   [Kremote: Counting objects:  82% (289/352)   [Kremote: Counting objects:  83% (293/352)   [Kremote: Counting objects:  84% (296/352)   [Kremote: Counting objects:  85% (300/352)   [Kremote: Counting objects:  86% (303/352)   [Kremote: Counting objects:  87% (307/352)   [Kremote: Counting objects:  88% (310/352)   [Kremote: Counting objects:  89% (314/352)   [Kremote: Counting objects:  90% (317/352)   [Kremote: Counting objects:  91% (321/352)   [Kremote: Counting objects:  92% (324/352)   [Kremote: Counting objects:  93% (328/352)   [Kremote: Counting objects:  94% (331/352)   [Kremote: Counting objects:  95% (335/352)   [Kremote: Counting objects:  96% (338/352)   [Kremote: Counting objects:  97% (342/352)   [Kremote: Counting objects:  98% (345/352)   [Kremote: Counting objects:  99% (349/352)   [Kremote: Counting objects: 100% (352/352)   [Kremote: Counting objects: 100% (352/352), done.[K
remote: Compressing objects:   0% (1/336)   [Kremote: Compressing objects:   1% (4/336)   [Kremote: Compressing objects:   2% (7/336)   [Kremote: Compressing objects:   3% (11/336)   [Kremote: Compressing objects:   4% (14/336)   [Kremote: Compressing objects:   5% (17/336)   [Kremote: Compressing objects:   6% (21/336)   [Kremote: Compressing objects:   7% (24/336)   [Kremote: Compressing objects:   8% (27/336)   [Kremote: Compressing objects:   9% (31/336)   [Kremote: Compressing objects:  10% (34/336)   [Kremote: Compressing objects:  11% (37/336)   [Kremote: Compressing objects:  12% (41/336)   [Kremote: Compressing objects:  13% (44/336)   [Kremote: Compressing objects:  14% (48/336)   [Kremote: Compressing objects:  15% (51/336)   [Kremote: Compressing objects:  16% (54/336)   [Kremote: Compressing objects:  17% (58/336)   [Kremote: Compressing objects:  18% (61/336)   [Kremote: Compressing objects:  19% (64/336)   [Kremote: Compressing objects:  20% (68/336)   [Kremote: Compressing objects:  21% (71/336)   [Kremote: Compressing objects:  22% (74/336)   [Kremote: Compressing objects:  23% (78/336)   [Kremote: Compressing objects:  24% (81/336)   [Kremote: Compressing objects:  25% (84/336)   [Kremote: Compressing objects:  26% (88/336)   [Kremote: Compressing objects:  27% (91/336)   [Kremote: Compressing objects:  28% (95/336)   [Kremote: Compressing objects:  29% (98/336)   [Kremote: Compressing objects:  30% (101/336)   [Kremote: Compressing objects:  31% (105/336)   [Kremote: Compressing objects:  32% (108/336)   [Kremote: Compressing objects:  33% (111/336)   [Kremote: Compressing objects:  34% (115/336)   [Kremote: Compressing objects:  35% (118/336)   [Kremote: Compressing objects:  36% (121/336)   [Kremote: Compressing objects:  37% (125/336)   [Kremote: Compressing objects:  38% (128/336)   [Kremote: Compressing objects:  39% (132/336)   [Kremote: Compressing objects:  40% (135/336)   [Kremote: Compressing objects:  41% (138/336)   [Kremote: Compressing objects:  42% (142/336)   [Kremote: Compressing objects:  43% (145/336)   [Kremote: Compressing objects:  44% (148/336)   [Kremote: Compressing objects:  45% (152/336)   [Kremote: Compressing objects:  46% (155/336)   [Kremote: Compressing objects:  47% (158/336)   [Kremote: Compressing objects:  48% (162/336)   [Kremote: Compressing objects:  49% (165/336)   [Kremote: Compressing objects:  50% (168/336)   [Kremote: Compressing objects:  51% (172/336)   [Kremote: Compressing objects:  52% (175/336)   [Kremote: Compressing objects:  53% (179/336)   [Kremote: Compressing objects:  54% (182/336)   [Kremote: Compressing objects:  55% (185/336)   [Kremote: Compressing objects:  56% (189/336)   [Kremote: Compressing objects:  57% (192/336)   [Kremote: Compressing objects:  58% (195/336)   [Kremote: Compressing objects:  59% (199/336)   [Kremote: Compressing objects:  60% (202/336)   [Kremote: Compressing objects:  61% (205/336)   [Kremote: Compressing objects:  62% (209/336)   [Kremote: Compressing objects:  63% (212/336)   [Kremote: Compressing objects:  64% (216/336)   [Kremote: Compressing objects:  65% (219/336)   [Kremote: Compressing objects:  66% (222/336)   [Kremote: Compressing objects:  67% (226/336)   [Kremote: Compressing objects:  68% (229/336)   [Kremote: Compressing objects:  69% (232/336)   [Kremote: Compressing objects:  70% (236/336)   [Kremote: Compressing objects:  71% (239/336)   [Kremote: Compressing objects:  72% (242/336)   [Kremote: Compressing objects:  73% (246/336)   [Kremote: Compressing objects:  74% (249/336)   [Kremote: Compressing objects:  75% (252/336)   [Kremote: Compressing objects:  76% (256/336)   [Kremote: Compressing objects:  77% (259/336)   [Kremote: Compressing objects:  78% (263/336)   [Kremote: Compressing objects:  79% (266/336)   [Kremote: Compressing objects:  80% (269/336)   [Kremote: Compressing objects:  81% (273/336)   [Kremote: Compressing objects:  82% (276/336)   [Kremote: Compressing objects:  83% (279/336)   [Kremote: Compressing objects:  84% (283/336)   [Kremote: Compressing objects:  85% (286/336)   [Kremote: Compressing objects:  86% (289/336)   [Kremote: Compressing objects:  87% (293/336)   [Kremote: Compressing objects:  88% (296/336)   [Kremote: Compressing objects:  89% (300/336)   [Kremote: Compressing objects:  90% (303/336)   [Kremote: Compressing objects:  91% (306/336)   [Kremote: Compressing objects:  92% (310/336)   [Kremote: Compressing objects:  93% (313/336)   [Kremote: Compressing objects:  94% (316/336)   [Kremote: Compressing objects:  95% (320/336)   [Kremote: Compressing objects:  96% (323/336)   [Kremote: Compressing objects:  97% (326/336)   [Kremote: Compressing objects:  98% (330/336)   [Kremote: Compressing objects:  99% (333/336)   [Kremote: Compressing objects: 100% (336/336)   [Kremote: Compressing objects: 100% (336/336), done.[K
Receiving objects:   0% (1/352)   Receiving objects:   1% (4/352)   Receiving objects:   2% (8/352)   Receiving objects:   3% (11/352)   Receiving objects:   4% (15/352)   Receiving objects:   5% (18/352)   Receiving objects:   6% (22/352)   Receiving objects:   7% (25/352)   Receiving objects:   8% (29/352)   Receiving objects:   9% (32/352)   Receiving objects:  10% (36/352)   Receiving objects:  11% (39/352)   Receiving objects:  12% (43/352)   Receiving objects:  13% (46/352)   Receiving objects:  14% (50/352)   Receiving objects:  15% (53/352)   Receiving objects:  16% (57/352)   Receiving objects:  17% (60/352)   Receiving objects:  18% (64/352)   Receiving objects:  19% (67/352)   Receiving objects:  20% (71/352)   Receiving objects:  21% (74/352)   Receiving objects:  22% (78/352)   Receiving objects:  23% (81/352)   Receiving objects:  24% (85/352)   Receiving objects:  25% (88/352)   Receiving objects:  26% (92/352)   Receiving objects:  27% (96/352)   Receiving objects:  28% (99/352)   Receiving objects:  29% (103/352)   Receiving objects:  30% (106/352)   Receiving objects:  31% (110/352)   Receiving objects:  32% (113/352)   Receiving objects:  33% (117/352)   Receiving objects:  34% (120/352)   Receiving objects:  35% (124/352)   Receiving objects:  36% (127/352)   Receiving objects:  37% (131/352)   Receiving objects:  38% (134/352)   Receiving objects:  39% (138/352)   Receiving objects:  40% (141/352)   Receiving objects:  41% (145/352)   Receiving objects:  42% (148/352)   Receiving objects:  43% (152/352)   Receiving objects:  44% (155/352)   Receiving objects:  45% (159/352)   Receiving objects:  46% (162/352)   Receiving objects:  47% (166/352)   Receiving objects:  48% (169/352)   Receiving objects:  49% (173/352)   Receiving objects:  50% (176/352)   Receiving objects:  51% (180/352)   Receiving objects:  52% (184/352)   Receiving objects:  53% (187/352)   Receiving objects:  54% (191/352)   Receiving objects:  55% (194/352)   Receiving objects:  56% (198/352)   Receiving objects:  57% (201/352)   Receiving objects:  58% (205/352)   Receiving objects:  59% (208/352)   Receiving objects:  60% (212/352)   Receiving objects:  61% (215/352)   Receiving objects:  62% (219/352)   Receiving objects:  63% (222/352)   Receiving objects:  64% (226/352)   Receiving objects:  65% (229/352)   Receiving objects:  66% (233/352)   Receiving objects:  67% (236/352)   Receiving objects:  68% (240/352)   Receiving objects:  69% (243/352)   Receiving objects:  70% (247/352)   Receiving objects:  71% (250/352)   Receiving objects:  72% (254/352)   Receiving objects:  73% (257/352)   Receiving objects:  74% (261/352)   Receiving objects:  75% (264/352)   Receiving objects:  76% (268/352)   Receiving objects:  77% (272/352)   Receiving objects:  78% (275/352)   Receiving objects:  79% (279/352)   Receiving objects:  80% (282/352)   Receiving objects:  81% (286/352)   Receiving objects:  82% (289/352)   Receiving objects:  83% (293/352)   Receiving objects:  84% (296/352)   Receiving objects:  85% (300/352)   Receiving objects:  86% (303/352)   Receiving objects:  87% (307/352)   Receiving objects:  88% (310/352)   Receiving objects:  89% (314/352)   Receiving objects:  90% (317/352)   Receiving objects:  91% (321/352)   Receiving objects:  92% (324/352)   Receiving objects:  93% (328/352)   Receiving objects:  94% (331/352)   Receiving objects:  95% (335/352)   Receiving objects:  96% (338/352)   remote: Total 352 (delta 159), reused 0 (delta 0)[K
Receiving objects:  97% (342/352)   Receiving objects:  98% (345/352)   Receiving objects:  99% (349/352)   Receiving objects: 100% (352/352)   Receiving objects: 100% (352/352), 3.50 MiB | 9.60 MiB/s, done.
Resolving deltas:   0% (0/159)   Resolving deltas:   2% (4/159)   Resolving deltas:   4% (7/159)   Resolving deltas:   5% (9/159)   Resolving deltas:   6% (10/159)   Resolving deltas:   8% (13/159)   Resolving deltas:  16% (26/159)   Resolving deltas:  18% (30/159)   Resolving deltas:  23% (38/159)   Resolving deltas:  24% (39/159)   Resolving deltas:  25% (41/159)   Resolving deltas:  28% (45/159)   Resolving deltas:  30% (48/159)   Resolving deltas:  33% (54/159)   Resolving deltas:  34% (55/159)   Resolving deltas:  35% (56/159)   Resolving deltas:  36% (58/159)   Resolving deltas:  37% (59/159)   Resolving deltas:  38% (61/159)   Resolving deltas:  39% (63/159)   Resolving deltas:  40% (65/159)   Resolving deltas:  42% (67/159)   Resolving deltas:  43% (69/159)   Resolving deltas:  44% (70/159)   Resolving deltas:  45% (72/159)   Resolving deltas:  46% (74/159)   Resolving deltas:  54% (87/159)   Resolving deltas:  56% (90/159)   Resolving deltas:  57% (92/159)   Resolving deltas:  59% (94/159)   Resolving deltas:  60% (96/159)   Resolving deltas:  61% (97/159)   Resolving deltas:  62% (99/159)   Resolving deltas:  66% (106/159)   Resolving deltas:  71% (113/159)   Resolving deltas:  72% (116/159)   Resolving deltas:  74% (118/159)   Resolving deltas:  76% (121/159)   Resolving deltas:  77% (124/159)   Resolving deltas:  88% (141/159)   Resolving deltas:  91% (145/159)   Resolving deltas:  92% (147/159)   Resolving deltas:  93% (148/159)   Resolving deltas:  94% (150/159)   Resolving deltas:  96% (153/159)   Resolving deltas: 100% (159/159)   Resolving deltas: 100% (159/159), done.
bcohada1@remote07:~/projects$ cd ~
bcohada1@remote07:~$ lbn[K[Kn -s projects/cs240 .
bcohada1@remote07:~$ ln -s projects/cs240 .[K[K
ln: failed to create symbolic link './cs240': File exists
bcohada1@remote07:~$ cd ~/git-repos/cs250[K[K40
-bash: cd: /home