Script started on 2020-02-13 15:58:14-05:00 [TERM="xterm-256color" TTY="/dev/pts/0" COLUMNS="80" LINES="24"]
bash: /home/umrigar/cs240/bin/student.rc: Permission denied
bcohada1@g7-08:/import/linux/home1/bcohada1/i240a/submit/lab3$ CD [K[K[Kcd `[K`[K~/cs240/labs/l ab3/exercises
bash: cd: /home/bcohada1/cs240/labs/lab3/exercises: No such file or directory
bcohada1@g7-08:/import/linux/home1/bcohada1/i240a/submit/lab3$ cd ~/cs240/labs/lab3/exercises[K[K[K[K[K[K[K[K[K[K[K[K[K[A[C[C[C[C[C[C[C[C[C[C[C[C[C[C[C[C[C[C[C[C[C[C[C[C[C[C[C[C[C[C[C[C[C[C[C[C[C[C[C[C[C[C[C[C[C[C[C[C[C[C[C[C[C[C[C[C[C[C[C[C[C[C[C[C[C[C[C[C[C[C[C[C[C[C[C[C[C[C[C[K
[K[A[C[C[C[C[C[C[C[C[C[C[C[C[C[C[C[C[C[C[C[C[C[C[C[C[C[C[C[C[C[C[C[C[C[C[C[C[C[C[C[C[C[C[C[C[C[C[C[C[C[C[C[C[C[C[C[C[C[C[C[C[C[C[C[C[C[C[C[C[C[C[C[C[C[C[C[C[C[C[C[K[K[K[K[K[K[K[K[K[K[K[K[K[K[K[Kexit[K[K[K[Klogout[2Pquitgit pushmerge lab2 -m 'merged lab2'[A[C[C[C[C[C[C[C[C[C[C[C[C[C[C[C[C[C[C[C[C[C[C[C[C[C[C[C[C[C[C[C[C[C[C[C[C[C[C[C[C[C[C[C[C[C[C[C[C[C[C[C[C[Cpush[K
[K[A[C[C[C[C[C[C[C[C[C[C[C[C[C[C[C[C[C[C[C[C[C[C[C[C[C[C[C[C[C[C[C[C[C[C[C[C[C[C[C[C[C[C[C[C[C[C[C[C[C[C[C[C[C[C[C[C[C[C[C[C[C[C[C[C[C[C[C[C[C[C[C[4Pquitlogout[Klogout[2Pquitgit pushmerge lab2 -m 'merged lab2'[A[C[C[C[C[C[C[C[C[C[C[C[C[C[C[C[C[C[C[C[C[C[C[C[C[C[C[C[C[C[C[C[C[C[C[C[C[C[C[C[C[C[C[C[C[C[C[C[C[C[C[C[C[Ccheckout master[K[A[C[C[C[C[C[C[C[C[C[C[C[C[C[C[C[C[C[C[C[C[C[C[C[C[C[C[C[C[C[C[C[C[C[C[C[C[C[C[C[C[C[C[C[C[C[C[C[C[C[C[C[C[C[C[C[C[C[C[C[C[C[C[C[C[Cpush -u origin lab2[A[C[C[C[C[C[C[C[C[C[C[C[C[C[C[C[C[C[C[C[C[C[C[C[C[C[C[C[C[C[C[C[C[C[C[C[C[C[C[C[C[C[C[C[C[C[C[C[C[C[C[C[C[C[C[C[C[C[C[C[C[Ccommit -a -m 'completing lab2'[A[C[C[C[C[C[C[C[C[C[C[C[C[C[C[C[C[C[C[C[C[C[C[C[C[C[C[C[C[C[C[C[C[C[C[C[C[C[C[C[C[C[C[C[C[C[C[C[C[C[C[4Pstatus -s
[K[A[C[C[C[C[C[C[C[C[C[C[C[C[C[C[C[C[C[C[C[C[C[C[C[C[C[C[C[C[C[C[C[C[C[C[C[C[C[C[C[C[C[C[C[C[C[C[C[C[C[C[C[C[C[C[C[C[C[C[C[C[C[C[C[C[C[C[C[C[C[C[C[C[C[C[C[Cadd submit/lab2[A[C[C[C[C[C[C[C[C[C[C[C[C[C[C[C[C[C[C[C[C[C[C[C[C[C[C[C[C[C[C[C[C[C[C[C[C[C[C[C[C[C[C[C[C[C[C[C[C[C[C[C[C[C[C[C[C[C[C[C[C[C[C[C[C[C[4Pstatus -s
[K[A[C[C[C[C[C[C[C[C[C[C[C[C[C[C[C[C[C[C[C[C[C[C[C[C[C[C[C[C[C[C[C[C[C[C[C[C[C[C[C[C[C[C[C[C[C[C[C[C[C[C[C[C[C[C[C[C[C[C[C[C[C[C[C[C[C[C[C[C[C[C[C[C[C[C[C[Ccommit -a -m 'completing lab2'[A[C[C[C[C[C[C[C[C[C[C[C[C[C[C[C[C[C[C[C[C[C[C[C[C[C[C[C[C[C[C[C[C[C[C[C[C[C[C[C[C[C[C[C[C[C[C[C[C[C[Cpush -u origin lab2[K[A[C[C[C[C[C[C[C[C[C[C[C[C[C[C[C[C[C[C[C[C[C[C[C[C[C[C[C[C[C[C[C[C[C[C[C[C[C[C[C[C[C[C[C[C[C[C[C[C[C[C[C[C[C[C[C[C[C[C[C[C[Ccheckout master[K[A[C[C[C[C[C[C[C[C[C[C[C[C[C[C[C[C[C[C[C[C[C[C[C[C[C[C[C[C[C[C[C[C[C[C[C[C[C[C[C[C[C[C[C[C[C[C[C[C[C[C[C[C[C[C[C[C[C[C[C[C[C[C[C[C[Cmerge lab2 -m 'merged lab2'[A[C[C[C[C[C[C[C[C[C[C[C[C[C[C[C[C[C[C[C[C[C[C[C[C[C[C[C[C[C[C[C[C[C[C[C[C[C[C[C[C[C[C[C[C[C[C[C[C[C[C[C[C[Cpush[K
[K[A[C[C[C[C[C[C[C[C[C[C[C[C[C[C[C[C[C[C[C[C[C[C[C[C[C[C[C[C[C[C[C[C[C[C[C[C[C[C[C[C[C[C[C[C[C[C[C[C[C[C[C[C[C[C[C[C[C[C[C[C[C[C[C[C[C[C[C[C[C[C[C[4Pquitlogout[Kcd `[K~/cs240
bcohada1@g7-08:~/cs240$ ls
announce.html  docs	      hws	  labs	    README.md
announce.umt   exams-quizzes  index.html  misc	    slides
assets	       exercises      index.umt   projects  umt.make
bcohada1@g7-08:~/cs240$ cd labs
bcohada1@g7-08:~/cs240/labs$ ls
index.html  index.umt  lab0  lab1  lab2  submission
bcohada1@g7-08:~/cs240/labs$ git pull
Warning: Permanently added the ECDSA host key for IP address '128.226.114.201' to the list of known hosts.
/home/bcohada1/.bashrc: line 1: /home/umrigar/cs240/bin/student.rc: Permission denied
remote: Enumerating objects: 221, done.[K
remote: Counting objects:   0% (1/221)   [Kremote: Counting objects:   1% (3/221)   [Kremote: Counting objects:   2% (5/221)   [Kremote: Counting objects:   3% (7/221)   [Kremote: Counting objects:   4% (9/221)   [Kremote: Counting objects:   5% (12/221)   [Kremote: Counting objects:   6% (14/221)   [Kremote: Counting objects:   7% (16/221)   [Kremote: Counting objects:   8% (18/221)   [Kremote: Counting objects:   9% (20/221)   [Kremote: Counting objects:  10% (23/221)   [Kremote: Counting objects:  11% (25/221)   [Kremote: Counting objects:  12% (27/221)   [Kremote: Counting objects:  13% (29/221)   [Kremote: Counting objects:  14% (31/221)   [Kremote: Counting objects:  15% (34/221)   [Kremote: Counting objects:  16% (36/221)   [Kremote: Counting objects:  17% (38/221)   [Kremote: Counting objects:  18% (40/221)   [Kremote: Counting objects:  19% (42/221)   [Kremote: Counting objects:  20% (45/221)   [Kremote: Counting objects:  21% (47/221)   [Kremote: Counting objects:  22% (49/221)   [Kremote: Counting objects:  23% (51/221)   [Kremote: Counting objects:  24% (54/221)   [Kremote: Counting objects:  25% (56/221)   [Kremote: Counting objects:  26% (58/221)   [Kremote: Counting objects:  27% (60/221)   [Kremote: Counting objects:  28% (62/221)   [Kremote: Counting objects:  29% (65/221)   [Kremote: Counting objects:  30% (67/221)   [Kremote: Counting objects:  31% (69/221)   [Kremote: Counting objects:  32% (71/221)   [Kremote: Counting objects:  33% (73/221)   [Kremote: Counting objects:  34% (76/221)   [Kremote: Counting objects:  35% (78/221)   [Kremote: Counting objects:  36% (80/221)   [Kremote: Counting objects:  37% (82/221)   [Kremote: Counting objects:  38% (84/221)   [Kremote: Counting objects:  39% (87/221)   [Kremote: Counting objects:  40% (89/221)   [Kremote: Counting objects:  41% (91/221)   [Kremote: Counting objects:  42% (93/221)   [Kremote: Counting objects:  43% (96/221)   [Kremote: Counting objects:  44% (98/221)   [Kremote: Counting objects:  45% (100/221)   [Kremote: Counting objects:  46% (102/221)   [Kremote: Counting objects:  47% (104/221)   [Kremote: Counting objects:  48% (107/221)   [Kremote: Counting objects:  49% (109/221)   [Kremote: Counting objects:  50% (111/221)   [Kremote: Counting objects:  51% (113/221)   [Kremote: Counting objects:  52% (115/221)   [Kremote: Counting objects:  53% (118/221)   [Kremote: Counting objects:  54% (120/221)   [Kremote: Counting objects:  55% (122/221)   [Kremote: Counting objects:  56% (124/221)   [Kremote: Counting objects:  57% (126/221)   [Kremote: Counting objects:  58% (129/221)   [Kremote: Counting objects:  59% (131/221)   [Kremote: Counting objects:  60% (133/221)   [Kremote: Counting objects:  61% (135/221)   [Kremote: Counting objects:  62% (138/221)   [Kremote: Counting objects:  63% (140/221)   [Kremote: Counting objects:  64% (142/221)   [Kremote: Counting objects:  65% (144/221)   [Kremote: Counting objects:  66% (146/221)   [Kremote: Counting objects:  67% (149/221)   [Kremote: Counting objects:  68% (151/221)   [Kremote: Counting objects:  69% (153/221)   [Kremote: Counting objects:  70% (155/221)   [Kremote: Counting objects:  71% (157/221)   [Kremote: Counting objects:  72% (160/221)   [Kremote: Counting objects:  73% (162/221)   [Kremote: Counting objects:  74% (164/221)   [Kremote: Counting objects:  75% (166/221)   [Kremote: Counting objects:  76% (168/221)   [Kremote: Counting objects:  77% (171/221)   [Kremote: Counting objects:  78% (173/221)   [Kremote: Counting objects:  79% (175/221)   [Kremote: Counting objects:  80% (177/221)   [Kremote: Counting objects:  81% (180/221)   [Kremote: Counting objects:  82% (182/221)   [Kremote: Counting objects:  83% (184/221)   [Kremote: Counting objects:  84% (186/221)   [Kremote: Counting objects:  85% (188/221)   [Kremote: Counting objects:  86% (191/221)   [Kremote: Counting objects:  87% (193/221)   [Kremote: Counting objects:  88% (195/221)   [Kremote: Counting objects:  89% (197/221)   [Kremote: Counting objects:  90% (199/221)   [Kremote: Counting objects:  91% (202/221)   [Kremote: Counting objects:  92% (204/221)   [Kremote: Counting objects:  93% (206/221)   [Kremote: Counting objects:  94% (208/221)   [Kremote: Counting objects:  95% (210/221)   [Kremote: Counting objects:  96% (213/221)   [Kremote: Counting objects:  97% (215/221)   [Kremote: Counting objects:  98% (217/221)   [Kremote: Counting objects:  99% (219/221)   [Kremote: Counting objects: 100% (221/221)   [Kremote: Counting objects: 100% (221/221), done.[K
remote: Compressing objects:   0% (1/185)   [Kremote: Compressing objects:   1% (2/185)   [Kremote: Compressing objects:   2% (4/185)   [Kremote: Compressing objects:   3% (6/185)   [Kremote: Compressing objects:   4% (8/185)   [Kremote: Compressing objects:   5% (10/185)   [Kremote: Compressing objects:   6% (12/185)   [Kremote: Compressing objects:   7% (13/185)   [Kremote: Compressing objects:   8% (15/185)   [Kremote: Compressing objects:   9% (17/185)   [Kremote: Compressing objects:  10% (19/185)   [Kremote: Compressing objects:  11% (21/185)   [Kremote: Compressing objects:  12% (23/185)   [Kremote: Compressing objects:  13% (25/185)   [Kremote: Compressing objects:  14% (26/185)   [Kremote: Compressing objects:  15% (28/185)   [Kremote: Compressing objects:  16% (30/185)   [Kremote: Compressing objects:  17% (32/185)   [Kremote: Compressing objects:  18% (34/185)   [Kremote: Compressing objects:  19% (36/185)   [Kremote: Compressing objects:  20% (37/185)   [Kremote: Compressing objects:  21% (39/185)   [Kremote: Compressing objects:  22% (41/185)   [Kremote: Compressing objects:  23% (43/185)   [Kremote: Compressing objects:  24% (45/185)   [Kremote: Compressing objects:  25% (47/185)   [Kremote: Compressing objects:  26% (49/185)   [Kremote: Compressing objects:  27% (50/185)   [Kremote: Compressing objects:  28% (52/185)   [Kremote: Compressing objects:  29% (54/185)   [Kremote: Compressing objects:  30% (56/185)   [Kremote: Compressing objects:  31% (58/185)   [Kremote: Compressing objects:  32% (60/185)   [Kremote: Compressing objects:  33% (62/185)   [Kremote: Compressing objects:  34% (63/185)   [Kremote: Compressing objects:  35% (65/185)   [Kremote: Compressing objects:  36% (67/185)   [Kremote: Compressing objects:  37% (69/185)   [Kremote: Compressing objects:  38% (71/185)   [Kremote: Compressing objects:  39% (73/185)   [Kremote: Compressing objects:  40% (74/185)   [Kremote: Compressing objects:  41% (76/185)   [Kremote: Compressing objects:  42% (78/185)   [Kremote: Compressing objects:  43% (80/185)   [Kremote: Compressing objects:  44% (82/185)   [Kremote: Compressing objects:  45% (84/185)   [Kremote: Compressing objects:  46% (86/185)   [Kremote: Compressing objects:  47% (87/185)   [Kremote: Compressing objects:  48% (89/185)   [Kremote: Compressing objects:  49% (91/185)   [Kremote: Compressing objects:  50% (93/185)   [Kremote: Compressing objects:  51% (95/185)   [Kremote: Compressing objects:  52% (97/185)   [Kremote: Compressing objects:  53% (99/185)   [Kremote: Compressing objects:  54% (100/185)   [Kremote: Compressing objects:  55% (102/185)   [Kremote: Compressing objects:  56% (104/185)   [Kremote: Compressing objects:  57% (106/185)   [Kremote: Compressing objects:  58% (108/185)   [Kremote: Compressing objects:  59% (110/185)   [Kremote: Compressing objects:  60% (111/185)   [Kremote: Compressing objects:  61% (113/185)   [Kremote: Compressing objects:  62% (115/185)   [Kremote: Compressing objects:  63% (117/185)   [Kremote: Compressing objects:  64% (119/185)   [Kremote: Compressing objects:  65% (121/185)   [Kremote: Compressing objects:  66% (123/185)   [Kremote: Compressing objects:  67% (124/185)   [Kremote: Compressing objects:  68% (126/185)   [Kremote: Compressing objects:  69% (128/185)   [Kremote: Compressing objects:  70% (130/185)   [Kremote: Compressing objects:  71% (132/185)   [Kremote: Compressing objects:  72% (134/185)   [Kremote: Compressing objects:  73% (136/185)   [Kremote: Compressing objects:  74% (137/185)   [Kremote: Compressing objects:  75% (139/185)   [Kremote: Compressing objects:  76% (141/185)   [Kremote: Compressing objects:  77% (143/185)   [Kremote: Compressing objects:  78% (145/185)   [Kremote: Compressing objects:  79% (147/185)   [Kremote: Compressing objects:  80% (148/185)   [Kremote: Compressing objects:  81% (150/185)   [Kremote: Compressing objects:  82% (152/185)   [Kremote: Compressing objects:  83% (154/185)   [Kremote: Compressing objects:  84% (156/185)   [Kremote: Compressing objects:  85% (158/185)   [Kremote: Compressing objects:  86% (160/185)   [Kremote: Compressing objects:  87% (161/185)   [Kremote: Compressing objects:  88% (163/185)   [Kremote: Compressing objects:  89% (165/185)   [Kremote: Compressing objects:  90% (167/185)   [Kremote: Compressing objects:  91% (169/185)   [Kremote: Compressing objects:  92% (171/185)   [Kremote: Compressing objects:  93% (173/185)   [Kremote: Compressing objects:  94% (174/185)   [Kremote: Compressing objects:  95% (176/185)   [Kremote: Compressing objects:  96% (178/185)   [Kremote: Compressing objects:  97% (180/185)   [Kremote: Compressing objects:  98% (182/185)   [Kremote: Compressing objects:  99% (184/185)   [Kremote: Compressing objects: 100% (185/185)   [Kremote: Compressing objects: 100% (185/185), done.[K
Receiving objects:   0% (1/196)   Receiving objects:   1% (2/196)   Receiving objects:   2% (4/196)   Receiving objects:   3% (6/196)   Receiving objects:   4% (8/196)   Receiving objects:   5% (10/196)   Receiving objects:   6% (12/196)   Receiving objects:   7% (14/196)   Receiving objects:   8% (16/196)   Receiving objects:   9% (18/196)   Receiving objects:  10% (20/196)   Receiving objects:  11% (22/196)   Receiving objects:  12% (24/196)   Receiving objects:  13% (26/196)   Receiving objects:  14% (28/196)   Receiving objects:  15% (30/196)   Receiving objects:  16% (32/196)   Receiving objects:  17% (34/196)   Receiving objects:  18% (36/196)   Receiving objects:  19% (38/196)   Receiving objects:  20% (40/196)   Receiving objects:  21% (42/196)   Receiving objects:  22% (44/196)   Receiving objects:  23% (46/196)   Receiving objects:  24% (48/196)   Receiving objects:  25% (49/196)   Receiving objects:  26% (51/196)   Receiving objects:  27% (53/196)   Receiving objects:  28% (55/196)   Receiving objects:  29% (57/196)   Receiving objects:  30% (59/196)   Receiving objects:  31% (61/196)   Receiving objects:  32% (63/196)   Receiving objects:  33% (65/196)   Receiving objects:  34% (67/196)   Receiving objects:  35% (69/196)   Receiving objects:  36% (71/196)   Receiving objects:  37% (73/196)   Receiving objects:  38% (75/196)   Receiving objects:  39% (77/196)   Receiving objects:  40% (79/196)   Receiving objects:  41% (81/196)   Receiving objects:  42% (83/196)   Receiving objects:  43% (85/196)   Receiving objects:  44% (87/196)   Receiving objects:  45% (89/196)   Receiving objects:  46% (91/196)   Receiving objects:  47% (93/196)   Receiving objects:  48% (95/196)   Receiving objects:  49% (97/196)   Receiving objects:  50% (98/196)   Receiving objects:  51% (100/196)   Receiving objects:  52% (102/196)   Receiving objects:  53% (104/196)   Receiving objects:  54% (106/196)   Receiving objects:  55% (108/196)   Receiving objects:  56% (110/196)   Receiving objects:  57% (112/196)   Receiving objects:  58% (114/196)   Receiving objects:  59% (116/196)   Receiving objects:  60% (118/196)   Receiving objects:  61% (120/196)   Receiving objects:  62% (122/196)   Receiving objects:  63% (124/196)   Receiving objects:  64% (126/196)   Receiving objects:  65% (128/196)   Receiving objects:  66% (130/196)   Receiving objects:  67% (132/196)   Receiving objects:  68% (134/196)   Receiving objects:  69% (136/196)   Receiving objects:  70% (138/196)   Receiving objects:  71% (140/196)   Receiving objects:  72% (142/196)   Receiving objects:  73% (144/196)   Receiving objects:  74% (146/196)   Receiving objects:  75% (147/196)   Receiving objects:  76% (149/196)   Receiving objects:  77% (151/196)   Receiving objects:  78% (153/196)   Receiving objects:  79% (155/196)   Receiving objects:  80% (157/196)   Receiving objects:  81% (159/196)   Receiving objects:  82% (161/196)   Receiving objects:  83% (163/196)   Receiving objects:  84% (165/196)   Receiving objects:  85% (167/196)   Receiving objects:  86% (169/196)   Receiving objects:  87% (171/196)   Receiving objects:  88% (173/196)   Receiving objects:  89% (175/196)   remote: Total 196 (delta 84), reused 0 (delta 0)[K
Receiving objects:  90% (177/196)   Receiving objects:  91% (179/196)   Receiving objects:  92% (181/196)   Receiving objects:  93% (183/196)   Receiving objects:  94% (185/196)   Receiving objects:  95% (187/196)   Receiving objects:  96% (189/196)   Receiving objects:  97% (191/196)   Receiving objects:  98% (193/196)   Receiving objects:  99% (195/196)   Receiving objects: 100% (196/196)   Receiving objects: 100% (196/196), 437.56 KiB | 4.86 MiB/s, done.
Resolving deltas:   0% (0/84)   Resolving deltas:   1% (1/84)   Resolving deltas:   2% (2/84)   Resolving deltas:   3% (3/84)   Resolving deltas:   4% (4/84)   Resolving deltas:   5% (5/84)   Resolving deltas:   7% (6/84)   Resolving deltas:   8% (7/84)   Resolving deltas:   9% (8/84)   Resolving deltas:  11% (10/84)   Resolving deltas:  15% (13/84)   Resolving deltas:  16% (14/84)   Resolving deltas:  19% (16/84)   Resolving deltas:  20% (17/84)   Resolving deltas:  23% (20/84)   Resolving deltas:  26% (22/84)   Resolving deltas:  30% (26/84)   Resolving deltas:  32% (27/84)   Resolving deltas:  33% (28/84)   Resolving deltas:  34% (29/84)   Resolving deltas:  35% (30/84)   Resolving deltas:  36% (31/84)   Resolving deltas:  38% (32/84)   Resolving deltas:  50% (42/84)   Resolving deltas:  51% (43/84)   Resolving deltas:  57% (48/84)   Resolving deltas:  63% (53/84)   Resolving deltas:  65% (55/84)   Resolving deltas:  67% (57/84)   Resolving deltas:  70% (59/84)   Resolving deltas:  71% (60/84)   Resolving deltas:  72% (61/84)   Resolving deltas:  73% (62/84)   Resolving deltas:  75% (63/84)   Resolving deltas:  79% (67/84)   Resolving deltas:  84% (71/84)   Resolving deltas:  89% (75/84)   Resolving deltas:  90% (76/84)   Resolving deltas:  91% (77/84)   Resolving deltas:  92% (78/84)   Resolving deltas:  98% (83/84)   Resolving deltas: 100% (84/84)   Resolving deltas: 100% (84/84), completed with 17 local objects.
From ssh://remote.cs.binghamton.edu/~umrigar/git-repos/cs240
   5dd8253..6dbe050  master     -> origin/master
Updating 5dd8253..6dbe050
Fast-forward
 announce.html                                      |  16 [32m+[m[31m-[m
 announce.umt                                       |  24 [32m++[m
 exercises/questions/src/cpp/arith.js               | 124 [32m++++++[m
 exercises/questions/src/cpp/bitwise-operators.js   |  70 [32m++++[m
 .../src/cpp/code/x-ref-ptr-const-errors/.gitignore |   2 [32m+[m
 .../src/cpp/code/x-ref-ptr-const-errors/Makefile   |  16 [32m+[m
 .../code/x-ref-ptr-const-errors/const-ptr-inc.cc   |  11 [32m+[m
 .../src/cpp/code/x-ref-ptr-const-errors/ok-1.cc    |   9 [32m+[m
 .../src/cpp/code/x-ref-ptr-const-errors/ok-2.cc    |   9 [32m+[m
 .../x-ref-ptr-const-errors/ptr-to-non-const.cc     |   9 [32m+[m
 .../cpp/code/x-ref-ptr-const-errors/ref-to-expr.cc |   9 [32m+[m
 .../code/x-ref-ptr-const-errors/ref-to-literal.cc  |   9 [32m+[m
 .../x-ref-ptr-const-errors/ref-to-non-const.cc     |  10 [32m+[m
 .../cpp/code/x-ref-ptr-const-errors/uninit-ref.cc  |  11 [32m+[m
 exercises/questions/src/cpp/int-literals.js        |  85 [32m++++[m
 exercises/questions/src/cpp/meta.js                |  12 [32m+[m
 exercises/questions/src/cpp/ptr-arrays.js          |  91 [32m++++[m
 .../questions/src/cpp/ref-ptr-const-errors.js      | 457 [32m+++++++++++++++++++++[m
 exercises/questions/src/meta.js                    |   6 [32m+[m[31m-[m
 exercises/questions/src/tools/makefiles.js         | 208 [32m++++++++++[m
 exercises/questions/src/tools/meta.js              |   8 [32m+[m
 index.html                                         |  25 [32m+[m[31m-[m
 index.umt                                          |  36 [32m+[m[31m-[m
 labs/index.html                                    |   2 [32m+[m
 labs/index.umt                                     |   6 [32m+[m[31m-[m
 labs/lab3/exercises/1-greet/.gitignore             |   1 [32m+[m
 labs/lab3/exercises/1-greet/README                 |   1 [32m+[m
 labs/lab3/exercises/1-greet/greet.cc               |  35 [32m++[m
 labs/lab3/exercises/2-greet/.gitignore             |   1 [32m+[m
 labs/lab3/exercises/2-greet/README                 |   2 [32m+[m
 labs/lab3/exercises/2-greet/greet.cc               |  28 [32m++[m
 labs/lab3/exercises/3-greet/.gitignore             |   1 [32m+[m
 labs/lab3/exercises/3-greet/README                 |   2 [32m+[m
 labs/lab3/exercises/3-greet/greet.cc               |  25 [32m++[m
 labs/lab3/exercises/4-sortnums/.gitignore          |   1 [32m+[m
 labs/lab3/exercises/4-sortnums/nums1.dat           |   1 [32m+[m
 labs/lab3/exercises/4-sortnums/nums2.dat           |   3 [32m+[m
 labs/lab3/exercises/4-sortnums/sortnums.cc         |  41 [32m++[m
 labs/lab3/exercises/5-numpaths/.gitignore          |   1 [32m+[m
 labs/lab3/exercises/5-numpaths/numpaths.cc         |  69 [32m++++[m
 labs/lab3/exercises/Makefile                       |  15 [32m+[m
 labs/lab3/exercises/data/.gitignore                |   1 [32m+[m
 labs/lab3/exercises/data/1.dat                     | 100 [32m+++++[m
 labs/lab3/exercises/data/10.dat                    | 100 [32m+++++[m
 labs/lab3/exercises/data/2.dat                     | 100 [32m+++++[m
 labs/lab3/exercises/data/3.dat                     | 100 [32m+++++[m
 labs/lab3/exercises/data/4.dat                     | 100 [32m+++++[m
 labs/lab3/exercises/data/5.dat                     | 100 [32m+++++[m
 labs/lab3/exercises/data/6.dat                     | 100 [32m+++++[m
 labs/lab3/exercises/data/7.dat                     | 100 [32m+++++[m
 labs/lab3/exercises/data/8.dat                     | 100 [32m+++++[m
 labs/lab3/exercises/data/9.dat                     | 100 [32m+++++[m
 labs/lab3/exercises/data/gen-nums.cc               |  31 [32m++[m
 labs/lab3/lab3.html                                | 248 [32m+++++++++++[m
 labs/lab3/lab3.pdf                                 | Bin [31m0[m -> [32m101789[m bytes
 labs/lab3/lab3.umt                                 | 349 [32m++++++++++++++++[m
 labs/lab3/lab3/hl-fine_blue.css                    |  19 [32m+[m
 labs/lab3/lab3/hl-fine_blue.sty                    |  19 [32m+[m
 projects/index.html                                |   4 [32m+[m[31m-[m
 projects/index.umt                                 |   4 [32m+[m[31m-[m
 projects/prj1/prj1.html                            | 232 [32m+++++++++++[m
 projects/prj1/prj1.pdf                             | Bin [31m0[m -> [32m91236[m bytes
 projects/prj1/prj1.umt                             | 336 [32m+++++++++++++++[m
 projects/prj1/prj1/hl-fine_blue.css                |  19 [32m+[m
 projects/prj1/prj1/hl-fine_blue.sty                |  19 [32m+[m
 slides/c++-intro/c++-intro.html                    | 238 [32m++++++++++[m[31m-[m
 slides/c++-intro/c++-intro.pdf                     | Bin [31m201292[m -> [32m251973[m bytes
 slides/c++-intro/c++-intro.umt                     | 262 [32m++++++++++[m[31m--[m
 slides/c++-intro/code/.gitignore                   |   5 [32m+[m[31m-[m
 slides/c++-intro/code/autogen-fns1.cc              |  20 [32m+[m
 slides/c++-intro/code/autogen-fns2.cc              |  41 [32m++[m
 slides/c++-intro/code/exercises/.gitignore         |   3 [32m+[m
 slides/c++-intro/code/exercises/autogen-fns.LOG    |  10 [32m+[m
 slides/c++-intro/code/exercises/autogen-fns.cc     |  18 [32m+[m
 slides/c++-intro/code/exercises/call-params.LOG    |   1 [32m+[m
 slides/c++-intro/code/exercises/call-params.cc     |  14 [32m+[m
 slides/c++-intro/code/exercises/constness.LOG      |  14 [32m+[m
 slides/c++-intro/code/exercises/constness.cc       |   7 [32m+[m
 slides/c++-intro/code/exercises/ref-ptrs.LOG       |   5 [32m+[m
 slides/c++-intro/code/exercises/ref-ptrs.cc        |  16 [32m+[m
 slides/c++-intro/code/ptr.cc                       |  38 [32m++[m
 slides/c++-intro/code/smart-ptr.cc                 |  64 [32m+++[m
 slides/c++-intro/code/struct-point.cc              |   2 [32m+[m[31m-[m
 slides/c++-intro/code/vec1.cc                      |  40 [31m--[m
 slides/collections1/code/.gitignore                |   1 [32m+[m
 slides/collections1/code/Makefile                  |  15 [32m+[m
 slides/collections1/code/alist.cc                  |  99 [32m+++++[m
 slides/collections1/code/list.hh                   |  57 [32m+++[m
 slides/collections1/collections1.html              | 126 [32m++++++[m
 slides/collections1/collections1.pdf               | Bin [31m0[m -> [32m97820[m bytes
 slides/collections1/collections1.umt               | 134 [32m++++++[m
 slides/collections1/collections1/hl-fine_blue.css  |  19 [32m+[m
 slides/collections1/collections1/hl-fine_blue.sty  |  19 [32m+[m
 slides/collections1/figs/alist-insert.png          | Bin [31m0[m -> [32m22441[m bytes
 slides/index.html                                  |   3 [32m+[m
 slides/index.umt                                   |   1 [32m+[m
 96 files changed, 4933 insertions(+), 112 deletions(-)
 create mode 100644 exercises/questions/src/cpp/arith.js
 create mode 100644 exercises/questions/src/cpp/bitwise-operators.js
 create mode 100644 exercises/questions/src/cpp/code/x-ref-ptr-const-errors/.gitignore
 create mode 100644 exercises/questions/src/cpp/code/x-ref-ptr-const-errors/Makefile
 create mode 100644 exercises/questions/src/cpp/code/x-ref-ptr-const-errors/const-ptr-inc.cc
 create mode 100644 exercises/questions/src/cpp/code/x-ref-ptr-const-errors/ok-1.cc
 create mode 100644 exercises/questions/src/cpp/code/x-ref-ptr-const-errors/ok-2.cc
 create mode 100644 exercises/questions/src/cpp/code/x-ref-ptr-const-errors/ptr-to-non-const.cc
 create mode 100644 exercises/questions/src/cpp/code/x-ref-ptr-const-errors/ref-to-expr.cc
 create mode 100644 exercises/questions/src/cpp/code/x-ref-ptr-const-errors/ref-to-literal.cc
 create mode 100644 exercises/questions/src/cpp/code/x-ref-ptr-const-errors/ref-to-non-const.cc
 create mode 100644 exercises/questions/src/cpp/code/x-ref-ptr-const-errors/uninit-ref.cc
 create mode 100644 exercises/questions/src/cpp/int-literals.js
 create mode 100644 exercises/questions/src/cpp/meta.js
 create mode 100644 exercises/questions/src/cpp/ptr-arrays.js
 create mode 100644 exercises/questions/src/cpp/ref-ptr-const-errors.js
 create mode 100644 exercises/questions/src/tools/makefiles.js
 create mode 100644 exercises/questions/src/tools/meta.js
 create mode 100644 labs/lab3/exercises/1-greet/.gitignore
 create mode 100644 labs/lab3/exercises/1-greet/README
 create mode 100644 labs/lab3/exercises/1-greet/greet.cc
 create mode 100644 labs/lab3/exercises/2-greet/.gitignore
 create mode 100644 labs/lab3/exercises/2-greet/README
 create mode 100644 labs/lab3/exercises/2-greet/greet.cc
 create mode 100644 labs/lab3/exercises/3-greet/.gitignore
 create mode 100644 labs/lab3/exercises/3-greet/README
 create mode 100644 labs/lab3/exercises/3-greet/greet.cc
 create mode 100644 labs/lab3/exercises/4-sortnums/.gitignore
 create mode 100644 labs/lab3/exercises/4-sortnums/nums1.dat
 create mode 100644 labs/lab3/exercises/4-sortnums/nums2.dat
 create mode 100644 labs/lab3/exercises/4-sortnums/sortnums.cc
 create mode 100644 labs/lab3/exercises/5-numpaths/.gitignore
 create mode 100644 labs/lab3/exercises/5-numpaths/numpaths.cc
 create mode 100644 labs/lab3/exercises/Makefile
 create mode 100644 labs/lab3/exercises/data/.gitignore
 create mode 100644 labs/lab3/exercises/data/1.dat
 create mode 100644 labs/lab3/exercises/data/10.dat
 create mode 100644 labs/lab3/exercises/data/2.dat
 create mode 100644 labs/lab3/exercises/data/3.dat
 create mode 100644 labs/lab3/exercises/data/4.dat
 create mode 100644 labs/lab3/exercises/data/5.dat
 create mode 100644 labs/lab3/exercises/data/6.dat
 create mode 100644 labs/lab3/exercises/data/7.dat
 create mode 100644 labs/lab3/exercises/data/8.dat
 create mode 100644 labs/lab3/exercises/data/9.dat
 create mode 100644 labs/lab3/exercises/data/gen-nums.cc
 create mode 100644 labs/lab3/lab3.html
 create mode 100644 labs/lab3/lab3.pdf
 create mode 100644 labs/lab3/lab3.umt
 create mode 100644 labs/lab3/lab3/hl-fine_blue.css
 create mode 100644 labs/lab3/lab3/hl-fine_blue.sty
 create mode 100644 projects/prj1/prj1.html
 create mode 100644 projects/prj1/prj1.pdf
 create mode 100644 projects/prj1/prj1.umt
 create mode 100644 projects/prj1/prj1/hl-fine_blue.css
 create mode 100644 projects/prj1/prj1/hl-fine_blue.sty
 create mode 100644 slides/c++-intro/code/autogen-fns1.cc
 create mode 100644 slides/c++-intro/code/autogen-fns2.cc
 create mode 100644 slides/c++-intro/code/exercises/.gitignore
 create mode 100644 slides/c++-intro/code/exercises/autogen-fns.LOG
 create mode 100644 slides/c++-intro/code/exercises/autogen-fns.cc
 create mode 100644 slides/c++-intro/code/exercises/call-params.LOG
 create mode 100644 slides/c++-intro/code/exercises/call-params.cc
 create mode 100644 slides/c++-intro/code/exercises/constness.LOG
 create mode 100644 slides/c++-intro/code/exercises/constness.cc
 create mode 100644 slides/c++-intro/code/exercises/ref-ptrs.LOG
 create mode 100644 slides/c++-intro/code/exercises/ref-ptrs.cc
 create mode 100644 slides/c++-intro/code/ptr.cc
 create mode 100644 slides/c++-intro/code/smart-ptr.cc
 delete mode 100644 slides/c++-intro/code/vec1.cc
 create mode 100644 slides/collections1/code/.gitignore
 create mode 100644 slides/collections1/code/Makefile
 create mode 100644 slides/collections1/code/alist.cc
 create mode 100644 slides/collections1/code/list.hh
 create mode 100644 slides/collections1/collections1.html
 create mode 100644 slides/collections1/collections1.pdf
 create mode 100644 slides/collections1/collections1.umt
 create mode 100644 slides/collections1/collections1/hl-fine_blue.css
 create mode 100644 slides/collections1/collections1/hl-fine_blue.sty
 create mode 100644 slides/collections1/figs/alist-insert.png
bcohada1@g7-08:~/cs240/labs$ ls
index.html  index.umt  lab0  lab1  lab2  lab3  submission
bcohada1@g7-08:~/cs240/labs$ cd ~/i249[K0a/submit [K/lab3
bcohada1@g7-08:~/i240a/submit/lab3$ cp -r ~/cs240/labs/lab3/exervi[K[Kcos[K[K[Kcises
cp: missing destination file operand after '/home/bcohada1/cs240/labs/lab3/exercises'
Try 'cp --help' for more information.
bcohada1@g7-08:~/i240a/submit/lab3$ cp -r ~/cs240/labs/lab3/exercises .
bcohada1@g7-08:~/i240a/submit/lab3$ ls
exercises  lab3.LOG
bcohada1@g7-08:~/i240a/submit/lab3$ cd exervi[K[Kcises
bcohada1@g7-08:~/i240a/submit/lab3/exercises$ ls
1-greet  2-greet  3-greet  4-sortnums  5-numpaths  data  Makefile
bcohada1@g7-08:~/i240a/submit/lab3/exercises$ cd 1*
bcohada1@g7-08:~/i240a/submit/lab3/exercises/1-greet$ ls
greet.cc  README
bcohada1@g7-08:~/i240a/submit/lab3/exercises/1-greet$ ls -l
total 8
-rw-r--r-- 1 bcohada1 bcohada1 717 Feb 13 16:01 greet.cc
-rw-r--r-- 1 bcohada1 bcohada1  54 Feb 13 16:01 README
bcohada1@g7-08:~/i240a/submit/lab3/exercises/1-greet$ make [K[K[K[K[Kgedit RE*
bcohada1@g7-08:~/i240a/submit/lab3/exercises/1-greet$ ls
greet.cc  README
bcohada1@g7-08:~/i240a/submit/lab3/exercises/1-greet$ gedit great.cc
bcohada1@g7-08:~/i240a/submit/lab3/exercises/1-greet$ ls
greet.cc  README
bcohada1@g7-08:~/i240a/submit/lab3/exercises/1-greet$ gedit greet.cc
bcohada1@g7-08:~/i240a/submit/lab3/exercises/1-greet$ make -f
make: option requires an argument -- 'f'
Usage: make [options] [target] ...
Options:
  -b, -m                      Ignored for compatibility.
  -B, --always-make           Unconditionally make all targets.
  -C DIRECTORY, --directory=DIRECTORY
                              Change to DIRECTORY before doing anything.
  -d                          Print lots of debugging information.
  --debug[=FLAGS]             Print various types of debugging information.
  -e, --environment-overrides
                              Environment variables override makefiles.
  --eval=STRING               Evaluate STRING as a makefile statement.
  -f FILE, --file=FILE, --makefile=FILE
                              Read FILE as a makefile.
  -h, --help                  Print this message and exit.
  -i, --ignore-errors         Ignore errors from recipes.
  -I DIRECTORY, --include-dir=DIRECTORY
                              Search DIRECTORY for included makefiles.
  -j [N], --jobs[=N]          Allow N jobs at once; infinite jobs with no arg.
  -k, --keep-going            Keep going when some targets can't be made.
  -l [N], --load-average[=N], --max-load[=N]
                              Don't start multiple jobs unless load is below N.
  -L, --check-symlink-times   Use the latest mtime between symlinks and target.
  -n, --just-print, --dry-run, --recon
                              Don't actually run any recipe; just print them.
  -o FILE, --old-file=FILE, --assume-old=FILE
                              Consider FILE to be very old and don't remake it.
  -O[TYPE], --output-sync[=TYPE]
                              Synchronize output of parallel jobs by TYPE.
  -p, --print-data-base       Print make's internal database.
  -q, --question              Run no recipe; exit status says if up to date.
  -r, --no-builtin-rules      Disable the built-in implicit rules.
  -R, --no-builtin-variables  Disable the built-in variable settings.
  -s, --silent, --quiet       Don't echo recipes.
  -S, --no-keep-going, --stop
                              Turns off -k.
  -t, --touch                 Touch targets instead of remaking them.
  --trace                     Print tracing information.
  -v, --version               Print the version number of make and exit.
  -w, --print-directory       Print the current directory.
  --no-print-directory        Turn off -w, even if it was turned on implicitly.
  -W FILE, --what-if=FILE, --new-file=FILE, --assume-new=FILE
                              Consider FILE to be infinitely new.
  --warn-undefined-variables  Warn when an undefined variable is referenced.

This program built for x86_64-pc-linux-gnu
Report bugs to <bug-make@gnu.org>
bcohada1@g7-08:~/i240a/submit/lab3/exercises/1-greet$ ls
greet.cc  README
bcohada1@g7-08:~/i240a/submit/lab3/exercises/1-greet$ make -f ../Makef'l[K[Kile
g++ -g -Wall -std=c++17    greet.cc   -o greet
cat </dev/null >.gitignore
for t in greet; do echo $t >>.gitignore; done
bcohada1@g7-08:~/i240a/submit/lab3/exercises/1-greet$ ls
greet  greet.cc  README
bcohada1@g7-08:~/i240a/submit/lab3/exercises/1-greet$ ./greet
usage: ./greet NAME...
bcohada1@g7-08:~/i240a/submit/lab3/exercises/1-greet$ ./[K[Kusage ./greet Name[K[K[K[K[K[K[K[K[K[K[K[K[K[K[K[K[K[K./greet bart lisa
bcohada1@g7-08:~/i240a/submit/lab3/exercises/1-greet$ geti[K[Kdit g*
^C
bcohada1@g7-08:~/i240a/submit/lab3/exercises/1-greet$ gedit g*[Kreet.cc[K*
bcohada1@g7-08:~/i240a/submit/lab3/exercises/1-greet$ cd ..
bcohada1@g7-08:~/i240a/submit/lab3/exercises$ ls
1-greet  2-greet  3-greet  4-sortnums  5-numpaths  data  Makefile
bcohada1@g7-08:~/i240a/submit/lab3/exercises$ cd 2*
bcohada1@g7-08:~/i240a/submit/lab3/exercises/2-greet$ ls
greet.cc  README
bcohada1@g7-08:~/i240a/submit/lab3/exercises/2-greet$ make
make: *** No targets specified and no makefile found.  Stop.
bcohada1@g7-08:~/i240a/submit/lab3/exercises/2-greet$ \ls
greet.cc  README
bcohada1@g7-08:~/i240a/submit/lab3/exercises/2-greet$ ls
greet.cc  README
bcohada1@g7-08:~/i240a/submit/lab3/exercises/2-greet$ make
make: *** No targets specified and no makefile found.  Stop.
bcohada1@g7-08:~/i240a/submit/lab3/exercises/2-greet$ make[2Pls\lsmake[2Plscd 2*[3Plscd ..gedit greet.c**[K./greet bart lisa[Kls[Kmake -f ../Makefile
g++ -g -Wall -std=c++17    greet.cc   -o greet
cat </dev/null >.gitignore
for t in greet; do echo $t >>.gitignore; done
bcohada1@g7-08:~/i240a/submit/lab3/exercises/2-greet$ ls
greet  greet.cc  README
bcohada1@g7-08:~/i240a/submit/lab3/exercises/2-greet$ ./greet
usage: ./greet NAME...
bcohada1@g7-08:~/i240a/submit/lab3/exercises/2-greet$ ./greet bart i[Klisa
hello bart
hello lisa
bcohada1@g7-08:~/i240a/submit/lab3/exercises/2-greet$ ls
greet  greet.cc  README
bcohada1@g7-08:~/i240a/submit/lab3/exercises/2-greet$ gedit R/[K*
bcohada1@g7-08:~/i240a/submit/lab3/exercises/2-greet$ gedit R*ls[K./greet bart lisa[Kls[Kmake -f ../Makefilels[K./greet bart lisals[K./greet bart lisa[Kls[Kmake -f ../Makefile[K[2Pls\lsmake[2Plscd 2*[3Plscd ..gedit greet.c*
bcohada1@g7-08:~/i240a/submit/lab3/exercises/2-greet$ gedit greet.c*[K[K[K[K[K[K[K[K[K[K[K[K[K[Kvalgrind ./greet lisa bart [A[C[C[C[C[C[C[C[C[C[C[C[C[C[C[C[C[C[C[C[C[C[C[C[C[C[C[C[C[C[C[C[C[C[C[C[C[C[C[C[C[C[C[C[C[C[C[C[C[C[C[C[C[C[C[C[C[C[C[C[C[C[C[C[C[C[C[C[C[C[C[C[C[C[C[C[C[C[C[C[Kt
==486712== Memcheck, a memory error detector
==486712== Copyright (C) 2002-2017, and GNU GPL'd, by Julian Seward et al.
==486712== Using Valgrind-3.14.0 and LibVEX; rerun with -h for copyright info
==486712== Command: ./greet lisa bart
==486712== 
hello lisa
hello bart
==486712== 
==486712== HEAP SUMMARY:
==486712==     in use at exit: 22 bytes in 2 blocks
==486712==   total heap usage: 4 allocs, 2 frees, 73,750 bytes allocated
==486712== 
==486712== LEAK SUMMARY:
==486712==    definitely lost: 22 bytes in 2 blocks
==486712==    indirectly lost: 0 bytes in 0 blocks
==486712==      possibly lost: 0 bytes in 0 blocks
==486712==    still reachable: 0 bytes in 0 blocks
==486712==         suppressed: 0 bytes in 0 blocks
==486712== Rerun with --leak-check=full to see details of leaked memory
==486712== 
==486712== For counts of detected and suppressed errors, rerun with: -v
==486712== ERROR SUMMARY: 0 errors from 0 contexts (suppressed: 0 from 0)
bcohada1@g7-08:~/i240a/submit/lab3/exercises/2-greet$ valgrind ./greet lisa bart [A[C[C[C[C[C[C[C[C[C[C[C[C[C[C[C[C[C[C[C[C[C[C[C[C[C[C[C[C[C[C[C[C[C[C[C[C[C[C[C[C[C[C[C[C[C[C[C[C[C[C[C[C[C[C[12Pgedit greet.c*
[K[A[C[C[C[C[C[C[C[C[C[C[C[C[C[C[C[C[C[C[C[C[C[C[C[C[C[C[C[C[C[C[C[C[C[C[C[C[C[C[C[C[C[C[C[C[C[C[C[C[C[C[C[C[C[C[C[C[C[C[C[C[C[C[C[C[C[C[C[C

(gedit:486790): Gtk-[1;33mWARNING[0m **: [34m16:18:23.216[0m: Calling org.xfce.Session.Manager.Inhibit failed: GDBus.Error:org.freedesktop.DBus.Error.UnknownMethod: Method "Inhibit" with signature "susu" on interface "org.xfce.Session.Manager" doesn't exist

bcohada1@g7-08:~/i240a/submit/lab3/exercises/2-greet$ gedit greet.c*valgrind ./greet lisa bart [A[C[C[C[C[C[C[C[C[C[C[C[C[C[C[C[C[C[C[C[C[C[C[C[C[C[C[C[C[C[C[C[C[C[C[C[C[C[C[C[C[C[C[C[C[C[C[C[C[C[C[C[C[C[C[12Pgedit greet.c*
[K[A[C[C[C[C[C[C[C[C[C[C[C[C[C[C[C[C[C[C[C[C[C[C[C[C[C[C[C[C[C[C[C[C[C[C[C[C[C[C[C[C[C[C[C[C[C[C[C[C[C[C[C[C[C[C[C[C[C[C[C[C[C[C[C[C[C[C[C[CR*[Kls[K./greet bart lisa[Kls[Kmake -f ../Makefile
g++ -g -Wall -std=c++17    greet.cc   -o greet
cat </dev/null >.gitignore
for t in greet; do echo $t >>.gitignore; done
bcohada1@g7-08:~/i240a/submit/lab3/exercises/2-greet$ make -f ../Makefile[5Pgedit greet.c*valgrind ./greet lisa bart [A[C[C[C[C[C[C[C[C[C[C[C[C[C[C[C[C[C[C[C[C[C[C[C[C[C[C[C[C[C[C[C[C[C[C[C[C[C[C[C[C[C[C[C[C[C[C[C[C[C[C[C[C[C[C[12Pgedit greet.c*
[K[A[C[C[C[C[C[C[C[C[C[C[C[C[C[C[C[C[C[C[C[C[C[C[C[C[C[C[C[C[C[C[C[C[C[C[C[C[C[C[C[C[C[C[C[C[C[C[C[C[C[C[C[C[C[C[C[C[C[C[C[C[C[C[C[C[C[C[C[Cvalgrind ./greet lisa bart [A[C[C[C[C[C[C[C[C[C[C[C[C[C[C[C[C[C[C[C[C[C[C[C[C[C[C[C[C[C[C[C[C[C[C[C[C[C[C[C[C[C[C[C[C[C[C[C[C[C[C[C[C[C[C[C[C[C[C[C[C[C[C[C[C[C[C[C[C[C[C[C[C[C[C[C[C[C[C[C[Kt
==487337== Memcheck, a memory error detector
==487337== Copyright (C) 2002-2017, and GNU GPL'd, by Julian Seward et al.
==487337== Using Valgrind-3.14.0 and LibVEX; rerun with -h for copyright info
==487337== Command: ./greet lisa bart
==487337== 
hello lisa
==487337== Mismatched free() / delete / delete []
==487337==    at 0x483708B: operator delete(void*, unsigned long) (vg_replace_malloc.c:585)
==487337==    by 0x109315: main (greet.cc:27)
==487337==  Address 0x4d74c80 is 0 bytes inside a block of size 11 alloc'd
==487337==    at 0x483650F: operator new[](unsigned long) (vg_replace_malloc.c:423)
==487337==    by 0x1091E4: greetMsg(char const*) (greet.cc:11)
==487337==    by 0x1092D8: main (greet.cc:25)
==487337== 
hello bart
==487337== 
==487337== HEAP SUMMARY:
==487337==     in use at exit: 0 bytes in 0 blocks
==487337==   total heap usage: 4 allocs, 4 frees, 73,750 bytes allocated
==487337== 
==487337== All heap blocks were freed -- no leaks are possible
==487337== 
==487337== For counts of detected and suppressed errors, rerun with: -v
==487337== ERROR SUMMARY: 2 errors from 1 contexts (suppressed: 0 from 0)
bcohada1@g7-08:~/i240a/submit/lab3/exercises/2-greet$ valgrind ./greet lisa bart [A[C[C[C[C[C[C[C[C[C[C[C[C[C[C[C[C[C[C[C[C[C[C[C[C[C[C[C[C[C[C[C[C[C[C[C[C[C[C[C[C[C[C[C[C[C[C[C[C[C[C[C[C[C[C[K
[K[A[C[C[C[C[C[C[C[C[C[C[C[C[C[C[C[C[C[C[C[C[C[C[C[C[C[C[C[C[C[C[C[C[C[C[C[C[C[C[C[C[C[C[C[C[C[C[C[C[C[C[C[C[C[C[Kbcohada1@g7-08:~/i240a/submit/lab3/exercises/2-greet$ gcc[K[K[Kvalgrind ./greet lisa bart[7Pmake -f ../Makefile[5Pgedit greet.c*
bcohada1@g7-08:~/i240a/submit/lab3/exercises/2-greet$ gedit greet.c*valgrind ./greet lisa bart[7Pmake -f ../Makefile[5Pgedit greet.c*make -f ../Makefile[5Pgedit greet.c*valgrind ./greet lisa bart[12Pgedit greet.c*R*[Kls[Kgedit R*greet.c*valgrind ./greet lisa bart[1P[1P[1P[1P[1P[1P[1P[1P[1P
hello lisa
hello bart
bcohada1@g7-08:~/i240a/submit/lab3/exercises/2-greet$ ls
greet  greet.cc  README
bcohada1@g7-08:~/i240a/submit/lab3/exercises/2-greet$ cd ..
bcohada1@g7-08:~/i240a/submit/lab3/exercises$ ls
1-greet  2-greet  3-greet  4-sortnums  5-numpaths  data  Makefile
bcohada1@g7-08:~/i240a/submit/lab3/exercises$ cd 3*
bcohada1@g7-08:~/i240a/submit/lab3/exercises/3-greet$ ls
greet.cc  README
bcohada1@g7-08:~/i240a/submit/lab3/exercises/3-greet$ ls[K[Kgedit great.cc
bcohada1@g7-08:~/i240a/submit/lab3/exercises/3-greet$ gedit great.cc[1Pt.ccet.cc
bcohada1@g7-08:~/i240a/submit/lab3/exercises/3-greet$ gedit greet.ccat.ccls[Kcd 3*[3Plscd ..[3Pls./greet lisa bart[3Pgedit greet.c*valgrind ./greet lisa bart[7Pmake -f ../Makefile
g++ -g -Wall -std=c++17    greet.cc   -o greet
cat </dev/null >.gitignore
for t in greet; do echo $t >>.gitignore; done
bcohada1@g7-08:~/i240a/submit/lab3/exercises/3-greet$ cd[K[Kls
greet  greet.cc  README
bcohada1@g7-08:~/i240a/submit/lab3/exercises/3-greet$ ./greet
usage: ./greet NAME...
bcohada1@g7-08:~/i240a/submit/lab3/exercises/3-greet$ ./greet bart lisa
ing::replacebart
ing::replacelisa
bcohada1@g7-08:~/i240a/submit/lab3/exercises/3-greet$ ./greet bart lisa[Kls[Kmake -f ../Makefile[5Pgedit greet.cc

(gedit:490198): Gtk-[1;33mWARNING[0m **: [34m16:49:47.958[0m: Calling org.xfce.Session.Manager.Inhibit failed: GDBus.Error:org.freedesktop.DBus.Error.UnknownMethod: Method "Inhibit" with signature "susu" on interface "org.xfce.Session.Manager" doesn't exist

bcohada1@g7-08:~/i240a/submit/lab3/exercises/3-greet$ gedit greet.cc./greet bart lisa[Kls[Kmake -f ../Makefile[5Pgedit greet.ccmake -f ../Makefile
g++ -g -Wall -std=c++17    greet.cc   -o greet
[01m[Kgreet.cc:[m[K In function â€˜[01m[Kstd::__cxx11::string greetMsg(const char*)[m[Kâ€™:
[01m[Kgreet.cc:11:36:[m[K [01;31m[Kerror: [m[Kno match for â€˜[01m[Koperator+[m[Kâ€™ (operand types are â€˜[01m[Kint[m[Kâ€™ and â€˜[01m[Kstd::__cxx11::string[m[Kâ€™ {aka â€˜[01m[Kstd::__cxx11::basic_string<char>[m[Kâ€™})
   return std::string(name1); [01;31m[K+ ' ' + std::string(name)[m[K;
                              [01;31m[K~~~~~~^~~~~~~~~~~~~~~~~~~[m[K
In file included from [01m[K/usr/include/c++/8/bits/stl_algobase.h:67[m[K,
                 from [01m[K/usr/include/c++/8/bits/char_traits.h:39[m[K,
                 from [01m[K/usr/include/c++/8/ios:40[m[K,
                 from [01m[K/usr/include/c++/8/ostream:38[m[K,
                 from [01m[K/usr/include/c++/8/iostream:39[m[K,
                 from [01m[Kgreet.cc:1[m[K:
[01m[K/usr/include/c++/8/bits/stl_iterator.h:400:5:[m[K [01;36m[Knote: [m[Kcandidate: â€˜[01m[Ktemplate<class _Iterator> constexpr std::reverse_iterator<_Iterator> std::operator+(typename std::reverse_iterator<_Iterator>::difference_type, const std::reverse_iterator<_Iterator>&)[m[Kâ€™
     [01;36m[Koperator[m[K+(typename reverse_iterator<_Iterator>::difference_type __n,
     [01;36m[K^~~~~~~~[m[K
[01m[K/usr/include/c++/8/bits/stl_iterator.h:400:5:[m[K [01;36m[Knote: [m[K  template argument deduction/substitution failed:
[01m[Kgreet.cc:11:54:[m[K [01;36m[Knote: [m[K  â€˜[01m[Kstd::__cxx11::string[m[Kâ€™ {aka â€˜[01m[Kstd::__cxx11::basic_string<char>[m[Kâ€™} is not derived from â€˜[01m[Kconst std::reverse_iterator<_Iterator>[m[Kâ€™
   return std::string(name1); + ' ' + std::string(name[01;36m[K)[m[K;
                                                      [01;36m[K^[m[K
In file included from [01m[K/usr/include/c++/8/bits/stl_algobase.h:67[m[K,
                 from [01m[K/usr/include/c++/8/bits/char_traits.h:39[m[K,
                 from [01m[K/usr/include/c++/8/ios:40[m[K,
                 from [01m[K/usr/include/c++/8/ostream:38[m[K,
                 from [01m[K/usr/include/c++/8/iostream:39[m[K,
                 from [01m[Kgreet.cc:1[m[K:
[01m[K/usr/include/c++/8/bits/stl_iterator.h:1195:5:[m[K [01;36m[Knote: [m[Kcandidate: â€˜[01m[Ktemplate<class _Iterator> constexpr std::move_iterator<_IteratorL> std::operator+(typename std::move_iterator<_IteratorL>::difference_type, const std::move_iterator<_IteratorL>&)[m[Kâ€™
     [01;36m[Koperator[m[K+(typename move_iterator<_Iterator>::difference_type __n,
     [01;36m[K^~~~~~~~[m[K
[01m[K/usr/include/c++/8/bits/stl_iterator.h:1195:5:[m[K [01;36m[Knote: [m[K  template argument deduction/substitution failed:
[01m[Kgreet.cc:11:54:[m[K [01;36m[Knote: [m[K  â€˜[01m[Kstd::__cxx11::string[m[Kâ€™ {aka â€˜[01m[Kstd::__cxx11::basic_string<char>[m[Kâ€™} is not derived from â€˜[01m[Kconst std::move_iterator<_IteratorL>[m[Kâ€™
   return std::string(name1); + ' ' + std::string(name[01;36m[K)[m[K;
                                                      [01;36m[K^[m[K
In file included from [01m[K/usr/include/c++/8/string:52[m[K,
                 from [01m[K/usr/include/c++/8/bits/locale_classes.h:40[m[K,
                 from [01m[K/usr/include/c++/8/bits/ios_base.h:41[m[K,
                 from [01m[K/usr/include/c++/8/ios:42[m[K,
                 from [01m[K/usr/include/c++/8/ostream:38[m[K,
                 from [01m[K/usr/include/c++/8/iostream:39[m[K,
                 from [01m[Kgreet.cc:1[m[K:
[01m[K/usr/include/c++/8/bits/basic_string.h:5927:5:[m[K [01;36m[Knote: [m[Kcandidate: â€˜[01m[Ktemplate<class _CharT, class _Traits, class _Alloc> std::__cxx11::basic_string<_CharT, _Traits, _Allocator> std::operator+(const std::__cxx11::basic_string<_CharT, _Traits, _Allocator>&, const std::__cxx11::basic_string<_CharT, _Traits, _Allocator>&)[m[Kâ€™
     [01;36m[Koperator[m[K+(const basic_string<_CharT, _Traits, _Alloc>& __lhs,
     [01;36m[K^~~~~~~~[m[K
[01m[K/usr/include/c++/8/bits/basic_string.h:5927:5:[m[K [01;36m[Knote: [m[K  template argument deduction/substitution failed:
[01m[Kgreet.cc:11:54:[m[K [01;36m[Knote: [m[K  mismatched types â€˜[01m[Kconst std::__cxx11::basic_string<_CharT, _Traits, _Allocator>[m[Kâ€™ and â€˜[01m[Kint[m[Kâ€™
   return std::string(name1); + ' ' + std::string(name[01;36m[K)[m[K;
                                                      [01;36m[K^[m[K
In file included from [01m[K/usr/include/c++/8/string:53[m[K,
                 from [01m[K/usr/include/c++/8/bits/locale_classes.h:40[m[K,
                 from [01m[K/usr/include/c++/8/bits/ios_base.h:41[m[K,
                 from [01m[K/usr/include/c++/8/ios:42[m[K,
                 from [01m[K/usr/include/c++/8/ostream:38[m[K,
                 from [01m[K/usr/include/c++/8/iostream:39[m[K,
                 from [01m[Kgreet.cc:1[m[K:
[01m[K/usr/include/c++/8/bits/basic_string.tcc:1157:5:[m[K [01;36m[Knote: [m[Kcandidate: â€˜[01m[Ktemplate<class _CharT, class _Traits, class _Alloc> std::__cxx11::basic_string<_CharT, _Traits, _Allocator> std::operator+(const _CharT*, const std::__cxx11::basic_string<_CharT, _Traits, _Allocator>&)[m[Kâ€™
     [01;36m[Koperator[m[K+(const _CharT* __lhs,
     [01;36m[K^~~~~~~~[m[K
[01m[K/usr/include/c++/8/bits/basic_string.tcc:1157:5:[m[K [01;36m[Knote: [m[K  template argument deduction/substitution failed:
[01m[Kgreet.cc:11:54:[m[K [01;36m[Knote: [m[K  mismatched types â€˜[01m[Kconst _CharT*[m[Kâ€™ and â€˜[01m[Kint[m[Kâ€™
   return std::string(name1); + ' ' + std::string(name[01;36m[K)[m[K;
                                                      [01;36m[K^[m[K
In file included from [01m[K/usr/include/c++/8/string:53[m[K,
                 from [01m[K/usr/include/c++/8/bits/locale_classes.h:40[m[K,
                 from [01m[K/usr/include/c++/8/bits/ios_base.h:41[m[K,
                 from [01m[K/usr/include/c++/8/ios:42[m[K,
                 from [01m[K/usr/include/c++/8/ostream:38[m[K,
                 from [01m[K/usr/include/c++/8/iostream:39[m[K,
                 from [01m[Kgreet.cc:1[m[K:
[01m[K/usr/include/c++/8/bits/basic_string.tcc:1173:5:[m[K [01;36m[Knote: [m[Kcandidate: â€˜[01m[Ktemplate<class _CharT, class _Traits, class _Alloc> std::__cxx11::basic_string<_CharT, _Traits, _Allocator> std::operator+(_CharT, const std::__cxx11::basic_string<_CharT, _Traits, _Allocator>&)[m[Kâ€™
     [01;36m[Koperator[m[K+(_CharT __lhs, const basic_string<_CharT, _Traits, _Alloc>& __rhs)
     [01;36m[K^~~~~~~~[m[K
[01m[K/usr/include/c++/8/bits/basic_string.tcc:1173:5:[m[K [01;36m[Knote: [m[K  template argument deduction/substitution failed:
[01m[Kgreet.cc:11:54:[m[K [01;36m[Knote: [m[K  deduced conflicting types for parameter â€˜[01m[K_CharT[m[Kâ€™ (â€˜[01m[Kint[m[Kâ€™ and â€˜[01m[Kchar[m[Kâ€™)
   return std::string(name1); + ' ' + std::string(name[01;36m[K)[m[K;
                                                      [01;36m[K^[m[K
In file included from [01m[K/usr/include/c++/8/string:52[m[K,
                 from [01m[K/usr/include/c++/8/bits/locale_classes.h:40[m[K,
                 from [01m[K/usr/include/c++/8/bits/ios_base.h:41[m[K,
                 from [01m[K/usr/include/c++/8/ios:42[m[K,
                 from [01m[K/usr/include/c++/8/ostream:38[m[K,
                 from [01m[K/usr/include/c++/8/iostream:39[m[K,
                 from [01m[Kgreet.cc:1[m[K:
[01m[K/usr/include/c++/8/bits/basic_string.h:5964:5:[m[K [01;36m[Knote: [m[Kcandidate: â€˜[01m[Ktemplate<class _CharT, class _Traits, class _Alloc> std::__cxx11::basic_string<_CharT, _Traits, _Allocator> std::operator+(const std::__cxx11::basic_string<_CharT, _Traits, _Allocator>&, const _CharT*)[m[Kâ€™
     [01;36m[Koperator[m[K+(const basic_string<_CharT, _Traits, _Alloc>& __lhs,
     [01;36m[K^~~~~~~~[m[K
[01m[K/usr/include/c++/8/bits/basic_string.h:5964:5:[m[K [01;36m[Knote: [m[K  template argument deduction/substitution failed:
[01m[Kgreet.cc:11:54:[m[K [01;36m[Knote: [m[K  mismatched types â€˜[01m[Kconst std::__cxx11::basic_string<_CharT, _Traits, _Allocator>[m[Kâ€™ and â€˜[01m[Kint[m[Kâ€™
   return std::string(name1); + ' ' + std::string(name[01;36m[K)[m[K;
                                                      [01;36m[K^[m[K
In file included from [01m[K/usr/include/c++/8/string:52[m[K,
                 from [01m[K/usr/include/c++/8/bits/locale_classes.h:40[m[K,
                 from [01m[K/usr/include/c++/8/bits/ios_base.h:41[m[K,
                 from [01m[K/usr/include/c++/8/ios:42[m[K,
                 from [01m[K/usr/include/c++/8/ostream:38[m[K,
                 from [01m[K/usr/include/c++/8/iostream:39[m[K,
                 from [01m[Kgreet.cc:1[m[K:
[01m[K/usr/include/c++/8/bits/basic_string.h:5980:5:[m[K [01;36m[Knote: [m[Kcandidate: â€˜[01m[Ktemplate<class _CharT, class _Traits, class _Alloc> std::__cxx11::basic_string<_CharT, _Traits, _Allocator> std::operator+(const std::__cxx11::basic_string<_CharT, _Traits, _Allocator>&, _CharT)[m[Kâ€™
     [01;36m[Koperator[m[K+(const basic_string<_CharT, _Traits, _Alloc>& __lhs, _CharT __rhs)
     [01;36m[K^~~~~~~~[m[K
[01m[K/usr/include/c++/8/bits/basic_string.h:5980:5:[m[K [01;36m[Knote: [m[K  template argument deduction/substitution failed:
[01m[Kgreet.cc:11:54:[m[K [01;36m[Knote: [m[K  mismatched types â€˜[01m[Kconst std::__cxx11::basic_string<_CharT, _Traits, _Allocator>[m[Kâ€™ and â€˜[01m[Kint[m[Kâ€™
   return std::string(name1); + ' ' + std::string(name[01;36m[K)[m[K;
                                                      [01;36m[K^[m[K
In file included from [01m[K/usr/include/c++/8/string:52[m[K,
                 from [01m[K/usr/include/c++/8/bits/locale_classes.h:40[m[K,
                 from [01m[K/usr/include/c++/8/bits/ios_base.h:41[m[K,
                 from [01m[K/usr/include/c++/8/ios:42[m[K,
                 from [01m[K/usr/include/c++/8/ostream:38[m[K,
                 from [01m[K/usr/include/c++/8/iostream:39[m[K,
                 from [01m[Kgreet.cc:1[m[K:
[01m[K/usr/include/c++/8/bits/basic_string.h:5992:5:[m[K [01;36m[Knote: [m[Kcandidate: â€˜[01m[Ktemplate<class _CharT, class _Traits, class _Alloc> std::__cxx11::basic_string<_CharT, _Traits, _Allocator> std::operator+(std::__cxx11::basic_string<_CharT, _Traits, _Allocator>&&, const std::__cxx11::basic_string<_CharT, _Traits, _Allocator>&)[m[Kâ€™
     [01;36m[Koperator[m[K+(basic_string<_CharT, _Traits, _Alloc>&& __lhs,
     [01;36m[K^~~~~~~~[m[K
[01m[K/usr/include/c++/8/bits/basic_string.h:5992:5:[m[K [01;36m[Knote: [m[K  template argument deduction/substitution failed:
[01m[Kgreet.cc:11:54:[m[K [01;36m[Knote: [m[K  mismatched types â€˜[01m[Kstd::__cxx11::basic_string<_CharT, _Traits, _Allocator>[m[Kâ€™ and â€˜[01m[Kint[m[Kâ€™
   return std::string(name1); + ' ' + std::string(name[01;36m[K)[m[K;
                                                      [01;36m[K^[m[K
In file included from [01m[K/usr/include/c++/8/string:52[m[K,
                 from [01m[K/usr/include/c++/8/bits/locale_classes.h:40[m[K,
                 from [01m[K/usr/include/c++/8/bits/ios_base.h:41[m[K,
                 from [01m[K/usr/include/c++/8/ios:42[m[K,
                 from [01m[K/usr/include/c++/8/ostream:38[m[K,
                 from [01m[K/usr/include/c++/8/iostream:39[m[K,
                 from [01m[Kgreet.cc:1[m[K:
[01m[K/usr/include/c++/8/bits/basic_string.h:5998:5:[m[K [01;36m[Knote: [m[Kcandidate: â€˜[01m[Ktemplate<class _CharT, class _Traits, class _Alloc> std::__cxx11::basic_string<_CharT, _Traits, _Allocator> std::operator+(const std::__cxx11::basic_string<_CharT, _Traits, _Allocator>&, std::__cxx11::basic_string<_CharT, _Traits, _Allocator>&&)[m[Kâ€™
     [01;36m[Koperator[m[K+(const basic_string<_CharT, _Traits, _Alloc>& __lhs,
     [01;36m[K^~~~~~~~[m[K
[01m[K/usr/include/c++/8/bits/basic_string.h:5998:5:[m[K [01;36m[Knote: [m[K  template argument deduction/substitution failed:
[01m[Kgreet.cc:11:54:[m[K [01;36m[Knote: [m[K  mismatched types â€˜[01m[Kconst std::__cxx11::basic_string<_CharT, _Traits, _Allocator>[m[Kâ€™ and â€˜[01m[Kint[m[Kâ€™
   return std::string(name1); + ' ' + std::string(name[01;36m[K)[m[K;
                                                      [01;36m[K^[m[K
In file included from [01m[K/usr/include/c++/8/string:52[m[K,
                 from [01m[K/usr/include/c++/8/bits/locale_classes.h:40[m[K,
                 from [01m[K/usr/include/c++/8/bits/ios_base.h:41[m[K,
                 from [01m[K/usr/include/c++/8/ios:42[m[K,
                 from [01m[K/usr/include/c++/8/ostream:38[m[K,
                 from [01m[K/usr/include/c++/8/iostream:39[m[K,
                 from [01m[Kgreet.cc:1[m[K:
[01m[K/usr/include/c++/8/bits/basic_string.h:6004:5:[m[K [01;36m[Knote: [m[Kcandidate: â€˜[01m[Ktemplate<class _CharT, class _Traits, class _Alloc> std::__cxx11::basic_string<_CharT, _Traits, _Allocator> std::operator+(std::__cxx11::basic_string<_CharT, _Traits, _Allocator>&&, std::__cxx11::basic_string<_CharT, _Traits, _Allocator>&&)[m[Kâ€™
     [01;36m[Koperator[m[K+(basic_string<_CharT, _Traits, _Alloc>&& __lhs,
     [01;36m[K^~~~~~~~[m[K
[01m[K/usr/include/c++/8/bits/basic_string.h:6004:5:[m[K [01;36m[Knote: [m[K  template argument deduction/substitution failed:
[01m[Kgreet.cc:11:54:[m[K [01;36m[Knote: [m[K  mismatched types â€˜[01m[Kstd::__cxx11::basic_string<_CharT, _Traits, _Allocator>[m[Kâ€™ and â€˜[01m[Kint[m[Kâ€™
   return std::string(name1); + ' ' + std::string(name[01;36m[K)[m[K;
                                                      [01;36m[K^[m[K
In file included from [01m[K/usr/include/c++/8/string:52[m[K,
                 from [01m[K/usr/include/c++/8/bits/locale_classes.h:40[m[K,
                 from [01m[K/usr/include/c++/8/bits/ios_base.h:41[m[K,
                 from [01m[K/usr/include/c++/8/ios:42[m[K,
                 from [01m[K/usr/include/c++/8/ostream:38[m[K,
                 from [01m[K/usr/include/c++/8/iostream:39[m[K,
                 from [01m[Kgreet.cc:1[m[K:
[01m[K/usr/include/c++/8/bits/basic_string.h:6016:5:[m[K [01;36m[Knote: [m[Kcandidate: â€˜[01m[Ktemplate<class _CharT, class _Traits, class _Alloc> std::__cxx11::basic_string<_CharT, _Traits, _Allocator> std::operator+(const _CharT*, std::__cxx11::basic_string<_CharT, _Traits, _Allocator>&&)[m[Kâ€™
     [01;36m[Koperator[m[K+(const _CharT* __lhs,
     [01;36m[K^~~~~~~~[m[K
[01m[K/usr/include/c++/8/bits/basic_string.h:6016:5:[m[K [01;36m[Knote: [m[K  template argument deduction/substitution failed:
[01m[Kgreet.cc:11:54:[m[K [01;36m[Knote: [m[K  mismatched types â€˜[01m[Kconst _CharT*[m[Kâ€™ and â€˜[01m[Kint[m[Kâ€™
   return std::string(name1); + ' ' + std::string(name[01;36m[K)[m[K;
                                                      [01;36m[K^[m[K
In file included from [01m[K/usr/include/c++/8/string:52[m[K,
                 from [01m[K/usr/include/c++/8/bits/locale_classes.h:40[m[K,
                 from [01m[K/usr/include/c++/8/bits/ios_base.h:41[m[K,
                 from [01m[K/usr/include/c++/8/ios:42[m[K,
                 from [01m[K/usr/include/c++/8/ostream:38[m[K,
                 from [01m[K/usr/include/c++/8/iostream:39[m[K,
                 from [01m[Kgreet.cc:1[m[K:
[01m[K/usr/include/c++/8/bits/basic_string.h:6022:5:[m[K [01;36m[Knote: [m[Kcandidate: â€˜[01m[Ktemplate<class _CharT, class _Traits, class _Alloc> std::__cxx11::basic_string<_CharT, _Traits, _Allocator> std::operator+(_CharT, std::__cxx11::basic_string<_CharT, _Traits, _Allocator>&&)[m[Kâ€™
     [01;36m[Koperator[m[K+(_CharT __lhs,
     [01;36m[K^~~~~~~~[m[K
[01m[K/usr/include/c++/8/bits/basic_string.h:6022:5:[m[K [01;36m[Knote: [m[K  template argument deduction/substitution failed:
[01m[Kgreet.cc:11:54:[m[K [01;36m[Knote: [m[K  deduced conflicting types for parameter â€˜[01m[K_CharT[m[Kâ€™ (â€˜[01m[Kint[m[Kâ€™ and â€˜[01m[Kchar[m[Kâ€™)
   return std::string(name1); + ' ' + std::string(name[01;36m[K)[m[K;
                                                      [01;36m[K^[m[K
In file included from [01m[K/usr/include/c++/8/string:52[m[K,
                 from [01m[K/usr/include/c++/8/bits/locale_classes.h:40[m[K,
                 from [01m[K/usr/include/c++/8/bits/ios_base.h:41[m[K,
                 from [01m[K/usr/include/c++/8/ios:42[m[K,
                 from [01m[K/usr/include/c++/8/ostream:38[m[K,
                 from [01m[K/usr/include/c++/8/iostream:39[m[K,
                 from [01m[Kgreet.cc:1[m[K:
[01m[K/usr/include/c++/8/bits/basic_string.h:6028:5:[m[K [01;36m[Knote: [m[Kcandidate: â€˜[01m[Ktemplate<class _CharT, class _Traits, class _Alloc> std::__cxx11::basic_string<_CharT, _Traits, _Allocator> std::operator+(std::__cxx11::basic_string<_CharT, _Traits, _Allocator>&&, const _CharT*)[m[Kâ€™
     [01;36m[Koperator[m[K+(basic_string<_CharT, _Traits, _Alloc>&& __lhs,
     [01;36m[K^~~~~~~~[m[K
[01m[K/usr/include/c++/8/bits/basic_string.h:6028:5:[m[K [01;36m[Knote: [m[K  template argument deduction/substitution failed:
[01m[Kgreet.cc:11:54:[m[K [01;36m[Knote: [m[K  mismatched types â€˜[01m[Kstd::__cxx11::basic_string<_CharT, _Traits, _Allocator>[m[Kâ€™ and â€˜[01m[Kint[m[Kâ€™
   return std::string(name1); + ' ' + std::string(name[01;36m[K)[m[K;
                                                      [01;36m[K^[m[K
In file included from [01m[K/usr/include/c++/8/string:52[m[K,
                 from [01m[K/usr/include/c++/8/bits/locale_classes.h:40[m[K,
                 from [01m[K/usr/include/c++/8/bits/ios_base.h:41[m[K,
                 from [01m[K/usr/include/c++/8/ios:42[m[K,
                 from [01m[K/usr/include/c++/8/ostream:38[m[K,
                 from [01m[K/usr/include/c++/8/iostream:39[m[K,
                 from [01m[Kgreet.cc:1[m[K:
[01m[K/usr/include/c++/8/bits/basic_string.h:6034:5:[m[K [01;36m[Knote: [m[Kcandidate: â€˜[01m[Ktemplate<class _CharT, class _Traits, class _Alloc> std::__cxx11::basic_string<_CharT, _Traits, _Allocator> std::operator+(std::__cxx11::basic_string<_CharT, _Traits, _Allocator>&&, _CharT)[m[Kâ€™
     [01;36m[Koperator[m[K+(basic_string<_CharT, _Traits, _Alloc>&& __lhs,
     [01;36m[K^~~~~~~~[m[K
[01m[K/usr/include/c++/8/bits/basic_string.h:6034:5:[m[K [01;36m[Knote: [m[K  template argument deduction/substitution failed:
[01m[Kgreet.cc:11:54:[m[K [01;36m[Knote: [m[K  mismatched types â€˜[01m[Kstd::__cxx11::basic_string<_CharT, _Traits, _Allocator>[m[Kâ€™ and â€˜[01m[Kint[m[Kâ€™
   return std::string(name1); + ' ' + std::string(name[01;36m[K)[m[K;
                                                      [01;36m[K^[m[K
In file included from [01m[K/usr/include/c++/8/bits/stl_algobase.h:67[m[K,
                 from [01m[K/usr/include/c++/8/bits/char_traits.h:39[m[K,
                 from [01m[K/usr/include/c++/8/ios:40[m[K,
                 from [01m[K/usr/include/c++/8/ostream:38[m[K,
                 from [01m[K/usr/include/c++/8/iostream:39[m[K,
                 from [01m[Kgreet.cc:1[m[K:
[01m[K/usr/include/c++/8/bits/stl_iterator.h:973:5:[m[K [01;36m[Knote: [m[Kcandidate: â€˜[01m[Ktemplate<class _Iterator, class _Container> __gnu_cxx::__normal_iterator<_Iterator, _Container> __gnu_cxx::operator+(typename __gnu_cxx::__normal_iterator<_Iterator, _Container>::difference_type, const __gnu_cxx::__normal_iterator<_Iterator, _Container>&)[m[Kâ€™
     [01;36m[Koperator[m[K+(typename __normal_iterator<_Iterator, _Container>::difference_type
     [01;36m[K^~~~~~~~[m[K
[01m[K/usr/include/c++/8/bits/stl_iterator.h:973:5:[m[K [01;36m[Knote: [m[K  template argument deduction/substitution failed:
[01m[Kgreet.cc:11:54:[m[K [01;36m[Knote: [m[K  â€˜[01m[Kstd::__cxx11::string[m[Kâ€™ {aka â€˜[01m[Kstd::__cxx11::basic_string<char>[m[Kâ€™} is not derived from â€˜[01m[Kconst __gnu_cxx::__normal_iterator<_Iterator, _Container>[m[Kâ€™
   return std::string(name1); + ' ' + std::string(name[01;36m[K)[m[K;
                                                      [01;36m[K^[m[K
make: *** [<builtin>: greet] Error 1
bcohada1@g7-08:~/i240a/submit/lab3/exercises/3-greet$ make -f ../Makefile[5Pgedit greet.cc

(gedit:490666): Gtk-[1;33mWARNING[0m **: [34m16:52:09.030[0m: Calling org.xfce.Session.Manager.Inhibit failed: GDBus.Error:org.freedesktop.DBus.Error.UnknownMethod: Method "Inhibit" with signature "susu" on interface "org.xfce.Session.Manager" doesn't exist

bcohada1@g7-08:~/i240a/submit/lab3/exercises/3-greet$ gedit greet.ccmake -f ../Makefile
g++ -g -Wall -std=c++17    greet.cc   -o greet
[01m[Kgreet.cc:[m[K In function â€˜[01m[Kstd::__cxx11::string greetMsg(const char*)[m[Kâ€™:
[01m[Kgreet.cc:10:36:[m[K [01;31m[Kerror: [m[Kno match for â€˜[01m[Koperator+[m[Kâ€™ (operand types are â€˜[01m[Kint[m[Kâ€™ and â€˜[01m[Kstd::__cxx11::string[m[Kâ€™ {aka â€˜[01m[Kstd::__cxx11::basic_string<char>[m[Kâ€™})
   return std::string(GREET); [01;31m[K+ ' ' + std::string(name)[m[K;
                              [01;31m[K~~~~~~^~~~~~~~~~~~~~~~~~~[m[K
In file included from [01m[K/usr/include/c++/8/bits/stl_algobase.h:67[m[K,
                 from [01m[K/usr/include/c++/8/bits/char_traits.h:39[m[K,
                 from [01m[K/usr/include/c++/8/ios:40[m[K,
                 from [01m[K/usr/include/c++/8/ostream:38[m[K,
                 from [01m[K/usr/include/c++/8/iostream:39[m[K,
                 from [01m[Kgreet.cc:1[m[K:
[01m[K/usr/include/c++/8/bits/stl_iterator.h:400:5:[m[K [01;36m[Knote: [m[Kcandidate: â€˜[01m[Ktemplate<class _Iterator> constexpr std::reverse_iterator<_Iterator> std::operator+(typename std::reverse_iterator<_Iterator>::difference_type, const std::reverse_iterator<_Iterator>&)[m[Kâ€™
     [01;36m[Koperator[m[K+(typename reverse_iterator<_Iterator>::difference_type __n,
     [01;36m[K^~~~~~~~[m[K
[01m[K/usr/include/c++/8/bits/stl_iterator.h:400:5:[m[K [01;36m[Knote: [m[K  template argument deduction/substitution failed:
[01m[Kgreet.cc:10:54:[m[K [01;36m[Knote: [m[K  â€˜[01m[Kstd::__cxx11::string[m[Kâ€™ {aka â€˜[01m[Kstd::__cxx11::basic_string<char>[m[Kâ€™} is not derived from â€˜[01m[Kconst std::reverse_iterator<_Iterator>[m[Kâ€™
   return std::string(GREET); + ' ' + std::string(name[01;36m[K)[m[K;
                                                      [01;36m[K^[m[K
In file included from [01m[K/usr/include/c++/8/bits/stl_algobase.h:67[m[K,
                 from [01m[K/usr/include/c++/8/bits/char_traits.h:39[m[K,
                 from [01m[K/usr/include/c++/8/ios:40[m[K,
                 from [01m[K/usr/include/c++/8/ostream:38[m[K,
                 from [01m[K/usr/include/c++/8/iostream:39[m[K,
                 from [01m[Kgreet.cc:1[m[K:
[01m[K/usr/include/c++/8/bits/stl_iterator.h:1195:5:[m[K [01;36m[Knote: [m[Kcandidate: â€˜[01m[Ktemplate<class _Iterator> constexpr std::move_iterator<_IteratorL> std::operator+(typename std::move_iterator<_IteratorL>::difference_type, const std::move_iterator<_IteratorL>&)[m[Kâ€™
     [01;36m[Koperator[m[K+(typename move_iterator<_Iterator>::difference_type __n,
     [01;36m[K^~~~~~~~[m[K
[01m[K/usr/include/c++/8/bits/stl_iterator.h:1195:5:[m[K [01;36m[Knote: [m[K  template argument deduction/substitution failed:
[01m[Kgreet.cc:10:54:[m[K [01;36m[Knote: [m[K  â€˜[01m[Kstd::__cxx11::string[m[Kâ€™ {aka â€˜[01m[Kstd::__cxx11::basic_string<char>[m[Kâ€™} is not derived from â€˜[01m[Kconst std::move_iterator<_IteratorL>[m[Kâ€™
   return std::string(GREET); + ' ' + std::string(name[01;36m[K)[m[K;
                                                      [01;36m[K^[m[K
In file included from [01m[K/usr/include/c++/8/string:52[m[K,
                 from [01m[K/usr/include/c++/8/bits/locale_classes.h:40[m[K,
                 from [01m[K/usr/include/c++/8/bits/ios_base.h:41[m[K,
                 from [01m[K/usr/include/c++/8/ios:42[m[K,
                 from [01m[K/usr/include/c++/8/ostream:38[m[K,
                 from [01m[K/usr/include/c++/8/iostream:39[m[K,
                 from [01m[Kgreet.cc:1[m[K:
[01m[K/usr/include/c++/8/bits/basic_string.h:5927:5:[m[K [01;36m[Knote: [m[Kcandidate: â€˜[01m[Ktemplate<class _CharT, class _Traits, class _Alloc> std::__cxx11::basic_string<_CharT, _Traits, _Allocator> std::operator+(const std::__cxx11::basic_string<_CharT, _Traits, _Allocator>&, const std::__cxx11::basic_string<_CharT, _Traits, _Allocator>&)[m[Kâ€™
     [01;36m[Koperator[m[K+(const basic_string<_CharT, _Traits, _Alloc>& __lhs,
     [01;36m[K^~~~~~~~[m[K
[01m[K/usr/include/c++/8/bits/basic_string.h:5927:5:[m[K [01;36m[Knote: [m[K  template argument deduction/substitution failed:
[01m[Kgreet.cc:10:54:[m[K [01;36m[Knote: [m[K  mismatched types â€˜[01m[Kconst std::__cxx11::basic_string<_CharT, _Traits, _Allocator>[m[Kâ€™ and â€˜[01m[Kint[m[Kâ€™
   return std::string(GREET); + ' ' + std::string(name[01;36m[K)[m[K;
                                                      [01;36m[K^[m[K
In file included from [01m[K/usr/include/c++/8/string:53[m[K,
                 from [01m[K/usr/include/c++/8/bits/locale_classes.h:40[m[K,
                 from [01m[K/usr/include/c++/8/bits/ios_base.h:41[m[K,
                 from [01m[K/usr/include/c++/8/ios:42[m[K,
                 from [01m[K/usr/include/c++/8/ostream:38[m[K,
                 from [01m[K/usr/include/c++/8/iostream:39[m[K,
                 from [01m[Kgreet.cc:1[m[K:
[01m[K/usr/include/c++/8/bits/basic_string.tcc:1157:5:[m[K [01;36m[Knote: [m[Kcandidate: â€˜[01m[Ktemplate<class _CharT, class _Traits, class _Alloc> std::__cxx11::basic_string<_CharT, _Traits, _Allocator> std::operator+(const _CharT*, const std::__cxx11::basic_string<_CharT, _Traits, _Allocator>&)[m[Kâ€™
     [01;36m[Koperator[m[K+(const _CharT* __lhs,
     [01;36m[K^~~~~~~~[m[K
[01m[K/usr/include/c++/8/bits/basic_string.tcc:1157:5:[m[K [01;36m[Knote: [m[K  template argument deduction/substitution failed:
[01m[Kgreet.cc:10:54:[m[K [01;36m[Knote: [m[K  mismatched types â€˜[01m[Kconst _CharT*[m[Kâ€™ and â€˜[01m[Kint[m[Kâ€™
   return std::string(GREET); + ' ' + std::string(name[01;36m[K)[m[K;
                                                      [01;36m[K^[m[K
In file included from [01m[K/usr/include/c++/8/string:53[m[K,
                 from [01m[K/usr/include/c++/8/bits/locale_classes.h:40[m[K,
                 from [01m[K/usr/include/c++/8/bits/ios_base.h:41[m[K,
                 from [01m[K/usr/include/c++/8/ios:42[m[K,
                 from [01m[K/usr/include/c++/8/ostream:38[m[K,
                 from [01m[K/usr/include/c++/8/iostream:39[m[K,
                 from [01m[Kgreet.cc:1[m[K:
[01m[K/usr/include/c++/8/bits/basic_string.tcc:1173:5:[m[K [01;36m[Knote: [m[Kcandidate: â€˜[01m[Ktemplate<class _CharT, class _Traits, class _Alloc> std::__cxx11::basic_string<_CharT, _Traits, _Allocator> std::operator+(_CharT, const std::__cxx11::basic_string<_CharT, _Traits, _Allocator>&)[m[Kâ€™
     [01;36m[Koperator[m[K+(_CharT __lhs, const basic_string<_CharT, _Traits, _Alloc>& __rhs)
     [01;36m[K^~~~~~~~[m[K
[01m[K/usr/include/c++/8/bits/basic_string.tcc:1173:5:[m[K [01;36m[Knote: [m[K  template argument deduction/substitution failed:
[01m[Kgreet.cc:10:54:[m[K [01;36m[Knote: [m[K  deduced conflicting types for parameter â€˜[01m[K_CharT[m[Kâ€™ (â€˜[01m[Kint[m[Kâ€™ and â€˜[01m[Kchar[m[Kâ€™)
   return std::string(GREET); + ' ' + std::string(name[01;36m[K)[m[K;
                                                      [01;36m[K^[m[K
In file included from [01m[K/usr/include/c++/8/string:52[m[K,
                 from [01m[K/usr/include/c++/8/bits/locale_classes.h:40[m[K,
                 from [01m[K/usr/include/c++/8/bits/ios_base.h:41[m[K,
                 from [01m[K/usr/include/c++/8/ios:42[m[K,
                 from [01m[K/usr/include/c++/8/ostream:38[m[K,
                 from [01m[K/usr/include/c++/8/iostream:39[m[K,
                 from [01m[Kgreet.cc:1[m[K:
[01m[K/usr/include/c++/8/bits/basic_string.h:5964:5:[m[K [01;36m[Knote: [m[Kcandidate: â€˜[01m[Ktemplate<class _CharT, class _Traits, class _Alloc> std::__cxx11::basic_string<_CharT, _Traits, _Allocator> std::operator+(const std::__cxx11::basic_string<_CharT, _Traits, _Allocator>&, const _CharT*)[m[Kâ€™
     [01;36m[Koperator[m[K+(const basic_string<_CharT, _Traits, _Alloc>& __lhs,
     [01;36m[K^~~~~~~~[m[K
[01m[K/usr/include/c++/8/bits/basic_string.h:5964:5:[m[K [01;36m[Knote: [m[K  template argument deduction/substitution failed:
[01m[Kgreet.cc:10:54:[m[K [01;36m[Knote: [m[K  mismatched types â€˜[01m[Kconst std::__cxx11::basic_string<_CharT, _Traits, _Allocator>[m[Kâ€™ and â€˜[01m[Kint[m[Kâ€™
   return std::string(GREET); + ' ' + std::string(name[01;36m[K)[m[K;
                                                      [01;36m[K^[m[K
In file included from [01m[K/usr/include/c++/8/string:52[m[K,
                 from [01m[K/usr/include/c++/8/bits/locale_classes.h:40[m[K,
                 from [01m[K/usr/include/c++/8/bits/ios_base.h:41[m[K,
                 from [01m[K/usr/include/c++/8/ios:42[m[K,
                 from [01m[K/usr/include/c++/8/ostream:38[m[K,
                 from [01m[K/usr/include/c++/8/iostream:39[m[K,
                 from [01m[Kgreet.cc:1[m[K:
[01m[K/usr/include/c++/8/bits/basic_string.h:5980:5:[m[K [01;36m[Knote: [m[Kcandidate: â€˜[01m[Ktemplate<class _CharT, class _Traits, class _Alloc> std::__cxx11::basic_string<_CharT, _Traits, _Allocator> std::operator+(const std::__cxx11::basic_string<_CharT, _Traits, _Allocator>&, _CharT)[m[Kâ€™
     [01;36m[Koperator[m[K+(const basic_string<_CharT, _Traits, _Alloc>& __lhs, _CharT __rhs)
     [01;36m[K^~~~~~~~[m[K
[01m[K/usr/include/c++/8/bits/basic_string.h:5980:5:[m[K [01;36m[Knote: [m[K  template argument deduction/substitution failed:
[01m[Kgreet.cc:10:54:[m[K [01;36m[Knote: [m[K  mismatched types â€˜[01m[Kconst std::__cxx11::basic_string<_CharT, _Traits, _Allocator>[m[Kâ€™ and â€˜[01m[Kint[m[Kâ€™
   return std::string(GREET); + ' ' + std::string(name[01;36m[K)[m[K;
                                                      [01;36m[K^[m[K
In file included from [01m[K/usr/include/c++/8/string:52[m[K,
                 from [01m[K/usr/include/c++/8/bits/locale_classes.h:40[m[K,
                 from [01m[K/usr/include/c++/8/bits/ios_base.h:41[m[K,
                 from [01m[K/usr/include/c++/8/ios:42[m[K,
                 from [01m[K/usr/include/c++/8/ostream:38[m[K,
                 from [01m[K/usr/include/c++/8/iostream:39[m[K,
                 from [01m[Kgreet.cc:1[m[K:
[01m[K/usr/include/c++/8/bits/basic_string.h:5992:5:[m[K [01;36m[Knote: [m[Kcandidate: â€˜[01m[Ktemplate<class _CharT, class _Traits, class _Alloc> std::__cxx11::basic_string<_CharT, _Traits, _Allocator> std::operator+(std::__cxx11::basic_string<_CharT, _Traits, _Allocator>&&, const std::__cxx11::basic_string<_CharT, _Traits, _Allocator>&)[m[Kâ€™
     [01;36m[Koperator[m[K+(basic_string<_CharT, _Traits, _Alloc>&& __lhs,
     [01;36m[K^~~~~~~~[m[K
[01m[K/usr/include/c++/8/bits/basic_string.h:5992:5:[m[K [01;36m[Knote: [m[K  template argument deduction/substitution failed:
[01m[Kgreet.cc:10:54:[m[K [01;36m[Knote: [m[K  mismatched types â€˜[01m[Kstd::__cxx11::basic_string<_CharT, _Traits, _Allocator>[m[Kâ€™ and â€˜[01m[Kint[m[Kâ€™
   return std::string(GREET); + ' ' + std::string(name[01;36m[K)[m[K;
                                                      [01;36m[K^[m[K
In file included from [01m[K/usr/include/c++/8/string:52[m[K,
                 from [01m[K/usr/include/c++/8/bits/locale_classes.h:40[m[K,
                 from [01m[K/usr/include/c++/8/bits/ios_base.h:41[m[K,
                 from [01m[K/usr/include/c++/8/ios:42[m[K,
                 from [01m[K/usr/include/c++/8/ostream:38[m[K,
                 from [01m[K/usr/include/c++/8/iostream:39[m[K,
                 from [01m[Kgreet.cc:1[m[K:
[01m[K/usr/include/c++/8/bits/basic_string.h:5998:5:[m[K [01;36m[Knote: [m[Kcandidate: â€˜[01m[Ktemplate<class _CharT, class _Traits, class _Alloc> std::__cxx11::basic_string<_CharT, _Traits, _Allocator> std::operator+(const std::__cxx11::basic_string<_CharT, _Traits, _Allocator>&, std::__cxx11::basic_string<_CharT, _Traits, _Allocator>&&)[m[Kâ€™
     [01;36m[Koperator[m[K+(const basic_string<_CharT, _Traits, _Alloc>& __lhs,
     [01;36m[K^~~~~~~~[m[K
[01m[K/usr/include/c++/8/bits/basic_string.h:5998:5:[m[K [01;36m[Knote: [m[K  template argument deduction/substitution failed:
[01m[Kgreet.cc:10:54:[m[K [01;36m[Knote: [m[K  mismatched types â€˜[01m[Kconst std::__cxx11::basic_string<_CharT, _Traits, _Allocator>[m[Kâ€™ and â€˜[01m[Kint[m[Kâ€™
   return std::string(GREET); + ' ' + std::string(name[01;36m[K)[m[K;
                                                      [01;36m[K^[m[K
In file included from [01m[K/usr/include/c++/8/string:52[m[K,
                 from [01m[K/usr/include/c++/8/bits/locale_classes.h:40[m[K,
                 from [01m[K/usr/include/c++/8/bits/ios_base.h:41[m[K,
                 from [01m[K/usr/include/c++/8/ios:42[m[K,
                 from [01m[K/usr/include/c++/8/ostream:38[m[K,
                 from [01m[K/usr/include/c++/8/iostream:39[m[K,
                 from [01m[Kgreet.cc:1[m[K:
[01m[K/usr/include/c++/8/bits/basic_string.h:6004:5:[m[K [01;36m[Knote: [m[Kcandidate: â€˜[01m[Ktemplate<class _CharT, class _Traits, class _Alloc> std::__cxx11::basic_string<_CharT, _Traits, _Allocator> std::operator+(std::__cxx11::basic_string<_CharT, _Traits, _Allocator>&&, std::__cxx11::basic_string<_CharT, _Traits, _Allocator>&&)[m[Kâ€™
     [01;36m[Koperator[m[K+(basic_string<_CharT, _Traits, _Alloc>&& __lhs,
     [01;36m[K^~~~~~~~[m[K
[01m[K/usr/include/c++/8/bits/basic_string.h:6004:5:[m[K [01;36m[Knote: [m[K  template argument deduction/substitution failed:
[01m[Kgreet.cc:10:54:[m[K [01;36m[Knote: [m[K  mismatched types â€˜[01m[Kstd::__cxx11::basic_string<_CharT, _Traits, _Allocator>[m[Kâ€™ and â€˜[01m[Kint[m[Kâ€™
   return std::string(GREET); + ' ' + std::string(name[01;36m[K)[m[K;
                                                      [01;36m[K^[m[K
In file included from [01m[K/usr/include/c++/8/string:52[m[K,
                 from [01m[K/usr/include/c++/8/bits/locale_classes.h:40[m[K,
                 from [01m[K/usr/include/c++/8/bits/ios_base.h:41[m[K,
                 from [01m[K/usr/include/c++/8/ios:42[m[K,
                 from [01m[K/usr/include/c++/8/ostream:38[m[K,
                 from [01m[K/usr/include/c++/8/iostream:39[m[K,
                 from [01m[Kgreet.cc:1[m[K:
[01m[K/usr/include/c++/8/bits/basic_string.h:6016:5:[m[K [01;36m[Knote: [m[Kcandidate: â€˜[01m[Ktemplate<class _CharT, class _Traits, class _Alloc> std::__cxx11::basic_string<_CharT, _Traits, _Allocator> std::operator+(const _CharT*, std::__cxx11::basic_string<_CharT, _Traits, _Allocator>&&)[m[Kâ€™
     [01;36m[Koperator[m[K+(const _CharT* __lhs,
     [01;36m[K^~~~~~~~[m[K
[01m[K/usr/include/c++/8/bits/basic_string.h:6016:5:[m[K [01;36m[Knote: [m[K  template argument deduction/substitution failed:
[01m[Kgreet.cc:10:54:[m[K [01;36m[Knote: [m[K  mismatched types â€˜[01m[Kconst _CharT*[m[Kâ€™ and â€˜[01m[Kint[m[Kâ€™
   return std::string(GREET); + ' ' + std::string(name[01;36m[K)[m[K;
                                                      [01;36m[K^[m[K
In file included from [01m[K/usr/include/c++/8/string:52[m[K,
                 from [01m[K/usr/include/c++/8/bits/locale_classes.h:40[m[K,
                 from [01m[K/usr/include/c++/8/bits/ios_base.h:41[m[K,
                 from [01m[K/usr/include/c++/8/ios:42[m[K,
                 from [01m[K/usr/include/c++/8/ostream:38[m[K,
                 from [01m[K/usr/include/c++/8/iostream:39[m[K,
                 from [01m[Kgreet.cc:1[m[K:
[01m[K/usr/include/c++/8/bits/basic_string.h:6022:5:[m[K [01;36m[Knote: [m[Kcandidate: â€˜[01m[Ktemplate<class _CharT, class _Traits, class _Alloc> std::__cxx11::basic_string<_CharT, _Traits, _Allocator> std::operator+(_CharT, std::__cxx11::basic_string<_CharT, _Traits, _Allocator>&&)[m[Kâ€™
     [01;36m[Koperator[m[K+(_CharT __lhs,
     [01;36m[K^~~~~~~~[m[K
[01m[K/usr/include/c++/8/bits/basic_string.h:6022:5:[m[K [01;36m[Knote: [m[K  template argument deduction/substitution failed:
[01m[Kgreet.cc:10:54:[m[K [01;36m[Knote: [m[K  deduced conflicting types for parameter â€˜[01m[K_CharT[m[Kâ€™ (â€˜[01m[Kint[m[Kâ€™ and â€˜[01m[Kchar[m[Kâ€™)
   return std::string(GREET); + ' ' + std::string(name[01;36m[K)[m[K;
                                                      [01;36m[K^[m[K
In file included from [01m[K/usr/include/c++/8/string:52[m[K,
                 from [01m[K/usr/include/c++/8/bits/locale_classes.h:40[m[K,
                 from [01m[K/usr/include/c++/8/bits/ios_base.h:41[m[K,
                 from [01m[K/usr/include/c++/8/ios:42[m[K,
                 from [01m[K/usr/include/c++/8/ostream:38[m[K,
                 from [01m[K/usr/include/c++/8/iostream:39[m[K,
                 from [01m[Kgreet.cc:1[m[K:
[01m[K/usr/include/c++/8/bits/basic_string.h:6028:5:[m[K [01;36m[Knote: [m[Kcandidate: â€˜[01m[Ktemplate<class _CharT, class _Traits, class _Alloc> std::__cxx11::basic_string<_CharT, _Traits, _Allocator> std::operator+(std::__cxx11::basic_string<_CharT, _Traits, _Allocator>&&, const _CharT*)[m[Kâ€™
     [01;36m[Koperator[m[K+(basic_string<_CharT, _Traits, _Alloc>&& __lhs,
     [01;36m[K^~~~~~~~[m[K
[01m[K/usr/include/c++/8/bits/basic_string.h:6028:5:[m[K [01;36m[Knote: [m[K  template argument deduction/substitution failed:
[01m[Kgreet.cc:10:54:[m[K [01;36m[Knote: [m[K  mismatched types â€˜[01m[Kstd::__cxx11::basic_string<_CharT, _Traits, _Allocator>[m[Kâ€™ and â€˜[01m[Kint[m[Kâ€™
   return std::string(GREET); + ' ' + std::string(name[01;36m[K)[m[K;
                                                      [01;36m[K^[m[K
In file included from [01m[K/usr/include/c++/8/string:52[m[K,
                 from [01m[K/usr/include/c++/8/bits/locale_classes.h:40[m[K,
                 from [01m[K/usr/include/c++/8/bits/ios_base.h:41[m[K,
                 from [01m[K/usr/include/c++/8/ios:42[m[K,
                 from [01m[K/usr/include/c++/8/ostream:38[m[K,
                 from [01m[K/usr/include/c++/8/iostream:39[m[K,
                 from [01m[Kgreet.cc:1[m[K:
[01m[K/usr/include/c++/8/bits/basic_string.h:6034:5:[m[K [01;36m[Knote: [m[Kcandidate: â€˜[01m[Ktemplate<class _CharT, class _Traits, class _Alloc> std::__cxx11::basic_string<_CharT, _Traits, _Allocator> std::operator+(std::__cxx11::basic_string<_CharT, _Traits, _Allocator>&&, _CharT)[m[Kâ€™
     [01;36m[Koperator[m[K+(basic_string<_CharT, _Traits, _Alloc>&& __lhs,
     [01;36m[K^~~~~~~~[m[K
[01m[K/usr/include/c++/8/bits/basic_string.h:6034:5:[m[K [01;36m[Knote: [m[K  template argument deduction/substitution failed:
[01m[Kgreet.cc:10:54:[m[K [01;36m[Knote: [m[K  mismatched types â€˜[01m[Kstd::__cxx11::basic_string<_CharT, _Traits, _Allocator>[m[Kâ€™ and â€˜[01m[Kint[m[Kâ€™
   return std::string(GREET); + ' ' + std::string(name[01;36m[K)[m[K;
                                                      [01;36m[K^[m[K
In file included from [01m[K/usr/include/c++/8/bits/stl_algobase.h:67[m[K,
                 from [01m[K/usr/include/c++/8/bits/char_traits.h:39[m[K,
                 from [01m[K/usr/include/c++/8/ios:40[m[K,
                 from [01m[K/usr/include/c++/8/ostream:38[m[K,
                 from [01m[K/usr/include/c++/8/iostream:39[m[K,
                 from [01m[Kgreet.cc:1[m[K:
[01m[K/usr/include/c++/8/bits/stl_iterator.h:973:5:[m[K [01;36m[Knote: [m[Kcandidate: â€˜[01m[Ktemplate<class _Iterator, class _Container> __gnu_cxx::__normal_iterator<_Iterator, _Container> __gnu_cxx::operator+(typename __gnu_cxx::__normal_iterator<_Iterator, _Container>::difference_type, const __gnu_cxx::__normal_iterator<_Iterator, _Container>&)[m[Kâ€™
     [01;36m[Koperator[m[K+(typename __normal_iterator<_Iterator, _Container>::difference_type
     [01;36m[K^~~~~~~~[m[K
[01m[K/usr/include/c++/8/bits/stl_iterator.h:973:5:[m[K [01;36m[Knote: [m[K  template argument deduction/substitution failed:
[01m[Kgreet.cc:10:54:[m[K [01;36m[Knote: [m[K  â€˜[01m[Kstd::__cxx11::string[m[Kâ€™ {aka â€˜[01m[Kstd::__cxx11::basic_string<char>[m[Kâ€™} is not derived from â€˜[01m[Kconst __gnu_cxx::__normal_iterator<_Iterator, _Container>[m[Kâ€™
   return std::string(GREET); + ' ' + std::string(name[01;36m[K)[m[K;
                                                      [01;36m[K^[m[K
make: *** [<builtin>: greet] Error 1
bcohada1@g7-08:~/i240a/submit/lab3/exercises/3-greet$ GEDIT[K[K[K[K[Kmake -f ../Makefile[5Pgedit greet.cc

(gedit:490789): Gtk-[1;33mWARNING[0m **: [34m16:52:45.126[0m: Calling org.xfce.Session.Manager.Inhibit failed: GDBus.Error:org.freedesktop.DBus.Error.UnknownMethod: Method "Inhibit" with signature "susu" on interface "org.xfce.Session.Manager" doesn't exist

bcohada1@g7-08:~/i240a/submit/lab3/exercises/3-greet$ gedit greet.ccmake -f ../Makefile
g++ -g -Wall -std=c++17    greet.cc   -o greet
cat </dev/null >.gitignore
for t in greet; do echo $t >>.gitignore; done
bcohada1@g7-08:~/i240a/submit/lab3/exercises/3-greet$ make -f ../Makefile[5Pgedit greet.ccmake -f ../Makefile[5Pgedit greet.ccmake -f ../Makefile[5Pgedit greet.cc./greet bart lisa
hello bart
hello lisa
bcohada1@g7-08:~/i240a/submit/lab3/exercises/3-greet$ ./greet bart lisamake -f ../Makefile[5Pgedit greet.cc
bcohada1@g7-08:~/i240a/submit/lab3/exercises/3-greet$ gedit greet.cc./greet bart lisamake -f ../Makefile[5Pgedit greet.ccmake -f ../Makefile[5Pgedit greet.ccmake -f ../Makefile[5Pgedit greet.cc./greet bart lisa[Kls[Kmake -f ../Makefile[5Pgedit greet.ccat.ccls[Kcd 3*[3Plscd ..[3Pls./greet lisa bart[3Pgedit greet.c*valgrind ./greet lisa bart
==490885== Memcheck, a memory error detector
==490885== Copyright (C) 2002-2017, and GNU GPL'd, by Julian Seward et al.
==490885== Using Valgrind-3.14.0 and LibVEX; rerun with -h for copyright info
==490885== Command: ./greet lisa bart
==490885== 
hello lisa
hello bart
==490885== 
==490885== HEAP SUMMARY:
==490885==     in use at exit: 0 bytes in 0 blocks
==490885==   total heap usage: 2 allocs, 2 frees, 73,728 bytes allocated
==490885== 
==490885== All heap blocks were freed -- no leaks are possible
==490885== 
==490885== For counts of detected and suppressed errors, rerun with: -v
==490885== ERROR SUMMARY: 0 errors from 0 contexts (suppressed: 0 from 0)
bcohada1@g7-08:~/i240a/submit/lab3/exercises/3-greet$ valgrind ./greet lisa bart[12Pgedit greet.cc

(gedit:490905): Gtk-[1;33mWARNING[0m **: [34m16:53:57.485[0m: Calling org.xfce.Session.Manager.Inhibit failed: GDBus.Error:org.freedesktop.DBus.Error.UnknownMethod: Method "Inhibit" with signature "susu" on interface "org.xfce.Session.Manager" doesn't exist

bcohada1@g7-08:~/i240a/submit/lab3/exercises/3-greet$ gedit greet.ccvalgrind ./greet lisa bart[12Pgedit greet.cc./greet bart lisamake -f ../Makefile
g++ -g -Wall -std=c++17    greet.cc   -o greet
[01m[Kgreet.cc:[m[K In function â€˜[01m[Kint main(int, const char**)[m[Kâ€™:
[01m[Kgreet.cc:23:7:[m[K [01;31m[Kerror: [m[Kexpected â€˜[01m[K,[m[Kâ€™ or â€˜[01m[K;[m[Kâ€™ before â€˜[01m[Kstd[m[Kâ€™
       [01;31m[Kstd[m[K::cout << temp << std::endl;
       [01;31m[K^~~[m[K
[01m[Kgreet.cc:24:25:[m[K [01;31m[Kerror: [m[Kexpected â€˜[01m[K)[m[Kâ€™ before â€˜[01m[Ksizeof[m[Kâ€™
       printf[34m[K([m[K"SIZE: %ld"[01;31m[K [m[K[32m[Ksizeof[m[K(temp));
             [34m[K~[m[K           [01;31m[K^[m[K[32m[K~~~~~~[m[K
                         [32m[K)[m[K
[01m[Kgreet.cc:24:14:[m[K [01;35m[Kwarning: [m[Kformat â€˜[01m[K%ld[m[Kâ€™ expects a matching â€˜[01m[Klong int[m[Kâ€™ argument [[01;35m[K-Wformat=[m[K]
       printf([01;35m[K"SIZE: %ld"[m[K sizeof(temp));
              [01;35m[K^~~~~~~~~~~[m[K
make: *** [<builtin>: greet] Error 1
bcohada1@g7-08:~/i240a/submit/lab3/exercises/3-greet$ make -f ../Makefile[5Pgedit greet.cc

(gedit:491118): Gtk-[1;33mWARNING[0m **: [34m16:55:25.908[0m: Calling org.xfce.Session.Manager.Inhibit failed: GDBus.Error:org.freedesktop.DBus.Error.UnknownMethod: Method "Inhibit" with signature "susu" on interface "org.xfce.Session.Manager" doesn't exist

bcohada1@g7-08:~/i240a/submit/lab3/exercises/3-greet$ gedit greet.ccmake -f ../Makefile
g++ -g -Wall -std=c++17    greet.cc   -o greet
[01m[Kgreet.cc:[m[K In function â€˜[01m[Kint main(int, const char**)[m[Kâ€™:
[01m[Kgreet.cc:24:25:[m[K [01;31m[Kerror: [m[Kexpected â€˜[01m[K)[m[Kâ€™ before â€˜[01m[Ksizeof[m[Kâ€™
       printf[34m[K([m[K"SIZE: %ld"[01;31m[K [m[K[32m[Ksizeof[m[K(temp));
             [34m[K~[m[K           [01;31m[K^[m[K[32m[K~~~~~~[m[K
                         [32m[K)[m[K
[01m[Kgreet.cc:24:14:[m[K [01;35m[Kwarning: [m[Kformat â€˜[01m[K%ld[m[Kâ€™ expects a matching â€˜[01m[Klong int[m[Kâ€™ argument [[01;35m[K-Wformat=[m[K]
       printf([01;35m[K"SIZE: %ld"[m[K sizeof(temp));
              [01;35m[K^~~~~~~~~~~[m[K
make: *** [<builtin>: greet] Error 1
bcohada1@g7-08:~/i240a/submit/lab3/exercises/3-greet$ make -f ../Makefile[5Pgedit greet.cc

(gedit:491152): Gtk-[1;33mWARNING[0m **: [34m16:55:41.548[0m: Calling org.xfce.Session.Manager.Inhibit failed: GDBus.Error:org.freedesktop.DBus.Error.UnknownMethod: Method "Inhibit" with signature "susu" on interface "org.xfce.Session.Manager" doesn't exist

bcohada1@g7-08:~/i240a/submit/lab3/exercises/3-greet$ gedit greet.ccmake -f ../Makefile
g++ -g -Wall -std=c++17    greet.cc   -o greet
cat </dev/null >.gitignore
for t in greet; do echo $t >>.gitignore; done
bcohada1@g7-08:~/i240a/submit/lab3/exercises/3-greet$ make -f ../Makefile[5Pgedit greet.ccmake -f ../Makefile[5Pgedit greet.ccmake -f ../Makefile[5Pgedit greet.ccvalgrind ./greet lisa bart[12Pgedit greet.cc./greet bart lisa
hello bart
SIZE: 32hello bart
SIZE: 32bcohada1@g7-08:~/i240a/submit/lab3/exercises/3-greet$ ./greet bart lisamake -f ../Makefile[2P./greet bart lisamake -f ../Makefile[5Pgedit greet.cc

(gedit:491235): Gtk-[1;33mWARNING[0m **: [34m16:56:15.604[0m: Calling org.xfce.Session.Manager.Inhibit failed: GDBus.Error:org.freedesktop.DBus.Error.UnknownMethod: Method "Inhibit" with signature "susu" on interface "org.xfce.Session.Manager" doesn't exist

bcohada1@g7-08:~/i240a/submit/lab3/exercises/3-greet$ gedit greet.cc./greet bart lisamake -f ../Makefile
g++ -g -Wall -std=c++17    greet.cc   -o greet
cat </dev/null >.gitignore
for t in greet; do echo $t >>.gitignore; done
bcohada1@g7-08:~/i240a/submit/lab3/exercises/3-greet$ make -f ../Makefile[5Pgedit greet.cc./greet bart lisa
hello bart
SIZE: 32
hello bart
SIZE: 32
bcohada1@g7-08:~/i240a/submit/lab3/exercises/3-greet$ ./greet bart lisamake -f ../Makefile[2P./greet bart lisa
hello bart
SIZE: 32
hello bart
SIZE: 32
bcohada1@g7-08:~/i240a/submit/lab3/exercises/3-greet$ 
bcohada1@g7-08:~/i240a/submit/lab3/exercises/3-greet$ ./greet bart lisamake -f ../Makefile[5Pgedit greet.cc
bcohada1@g7-08:~/i240a/submit/lab3/exercises/3-greet$ cd ..
bcohada1@g7-08:~/i240a/submit/lab3/exercises$ ls
1-greet  2-greet  3-greet  4-sortnums  5-numpaths  data  Makefile
bcohada1@g7-08:~/i240a/submit/lab3/exercises$ cd 4*
bcohada1@g7-08:~/i240a/submit/lab3/exercises/4-sortnums$ ls
nums1.dat  nums2.dat  sortnums.cc
bcohada1@g7-08:~/i240a/submit/lab3/exercises/4-sortnums$ lscd 4*[3Plscd ..gedit greet.cc./greet bart lisamake -f ../Makefile
g++ -g -Wall -std=c++17    sortnums.cc   -o sortnums
cat </dev/null >.gitignore
for t in sortnums; do echo $t >>.gitignore; done
bcohada1@g7-08:~/i240a/submit/lab3/exercises/4-sortnums$ ls
nums1.dat  nums2.dat  sortnums	sortnums.cc
bcohada1@g7-08:~/i240a/submit/lab3/exercises/4-sortnums$ ./sortnums
usage: ./sortnums FILE...
bcohada1@g7-08:~/i240a/submit/lab3/exercises/4-sortnums$ ./sortnums */da[K[K[K.dat
10
10
10
20
20
20
30
30
30
40
40
40
50
50
50
60
60
60
70
70
70
80
80
80
90
90
90
100
100
100
200
200
200
300
300
300
400
400
400
500
500
500
600
600
600
700
700
700
800
800
800
900
900
900
bcohada1@g7-08:~/i240a/submit/lab3/exercises/4-sortnums$ ./sortnums *.dat[Kls[K./sortnumsls[Kmake -f ../Makefilels[K./sortnums[1Psortnums[1Psortnumsgsortnumsesortnumstsortnumsdsortnumsisortnums[1Psortnums[1Psortnums[1Psortnumsdsortnumsisortnumstsortnums sortnums./sortnums *.dat[2Pgedit sortnums.cc

(gedit:493480): Gtk-[1;33mWARNING[0m **: [34m17:18:26.186[0m: Calling org.xfce.Session.Manager.Inhibit failed: GDBus.Error:org.freedesktop.DBus.Error.UnknownMethod: Method "Inhibit" with signature "susu" on interface "org.xfce.Session.Manager" doesn't exist

bcohada1@g7-08:~/i240a/submit/lab3/exercises/4-sortnums$ gedit sortnums.cc[1P./sortnums *.datgedit sortnums.cc[1P./sortnums *.dat[Kls[Kmake -f ../Makefile
g++ -g -Wall -std=c++17    sortnums.cc   -o sortnums
cat </dev/null >.gitignore
for t in sortnums; do echo $t >>.gitignore; done
bcohada1@g7-08:~/i240a/submit/lab3/exercises/4-sortnums$ make -f ../Makefile[2Pgedit sortnums.cc[1P./sortnums *.dat
900
900
900
800
800
800
700
700
700
600
600
600
500
500
500
400
400
400
300
300
300
200
200
200
100
100
100
90
90
90
80
80
80
70
70
70
60
60
60
50
50
50
40
40
40
30
30
30
20
20
20
10
10
10
bcohada1@g7-08:~/i240a/submit/lab3/exercises/4-sortnums$ ./sortnums *.datmake -f ../Makefile[2Pgedit sortnums.cc

(gedit:494298): Gtk-[1;33mWARNING[0m **: [34m17:22:52.493[0m: Calling org.xfce.Session.Manager.Inhibit failed: GDBus.Error:org.freedesktop.DBus.Error.UnknownMethod: Method "Inhibit" with signature "susu" on interface "org.xfce.Session.Manager" doesn't exist

bcohada1@g7-08:~/i240a/submit/lab3/exercises/4-sortnums$ gedit sortnums.cc[1P./sortnums *.datmake -f ../Makefile
g++ -g -Wall -std=c++17    sortnums.cc   -o sortnums
cat </dev/null >.gitignore
for t in sortnums; do echo $t >>.gitignore; done
bcohada1@g7-08:~/i240a/submit/lab3/exercises/4-sortnums$ make -f ../Makefile[2Pgedit sortnums.cc[1P./sortnums *.datgedit sortnums.cc
bcohada1@g7-08:~/i240a/submit/lab3/exercises/4-sortnums$ gedit sortnums.ccmake -f ../Makefile[2Pgedit sortnums.cc[1P./sortnums *.dat
900
900
900
800
800
800
700
700
700
600
600
600
500
500
500
400
400
400
300
300
300
200
200
200
100
100
100
90
90
90
80
80
80
70
70
70
60
60
60
50
50
50
40
40
40
30
30
30
20
20
20
10
10
10
bcohada1@g7-08:~/i240a/submit/lab3/exercises/4-sortnums$ cd ..
bcohada1@g7-08:~/i240a/submit/lab3/exercises$ ls\
> ls
bash: lsls: command not found
bcohada1@g7-08:~/i240a/submit/lab3/exercises$ ls
1-greet  2-greet  3-greet  4-sortnums  5-numpaths  data  Makefile
bcohada1@g7-08:~/i240a/submit/lab3/exercises$ cd 5*
bcohada1@g7-08:~/i240a/submit/lab3/exercises/5-numpaths$ ls
numpaths.cc
bcohada1@g7-08:~/i240a/submit/lab3/exercises/5-numpaths$ lscd 5*[3Plslscd .../sortnums *.datgedit sortnums.ccmake -f ../Makefile
g++ -g -Wall -std=c++17    numpaths.cc   -o numpaths
cat </dev/null >.gitignore
for t in numpaths; do echo $t >>.gitignore; done
bcohada1@g7-08:~/i240a/submit/lab3/exercises/5-numpaths$ ls
numpaths  numpaths.cc
bcohada1@g7-08:~/i240a/submit/lab3/exercises/5-numpaths$ numpaths ../data/*.dat
bash: numpaths: command not found
bcohada1@g7-08:~/i240a/submit/lab3/exercises/5-numpaths$ numpaths ../data/*.dat[C[1@.[1@/
>> ^C
bcohada1@g7-08:~/i240a/submit/lab3/exercises/5-numpaths$ gedit.[K.[K [K[K[K[K[K[K./numpaths ../data/*.dat[2P[C[C[C[C[C[C[C[C[C[C[C[C[C[C[C[C[C[C[C[C[C[Cls[Kmake -f ../Makefilels[Kcd 5*[3Plslscd .../sortnums *.datgedit sortnums.cc
bcohada1@g7-08:~/i240a/submit/lab3/exercises/5-numpaths$ gedit sortnums.cc./numpaths ../data/*.dat[7Pgedit sortnums.cc[Kgedit numpath/c[K[Ks.xc[K[Kcc
^[[Abcohada1@g7-08:~/i240a/submit/lab3/exercises/5-numpaths$ gedit numpaths.ccsortnums.cc./numpaths ../data/*.dat[2P[C[C[C[C[C[C[C[C[C[C[C[C[C[C[C[C[C[C[C[C[C[Cls[Kmake -f ../Makefilels[K[K[Kcd 5*[3Plscd 5*[Kmake -f ../Makefilels[Knumpaths ../data/*.dat[2@./[C[C[C[C[C[C[C[C[C[C[C[C[C[C[C[C[C[C[C[C[C[C[7Pgedit sortnums.ccnumpaths.cc[Kgedit numpaths.ccsortnums.cc./numpaths ../data/*.dat
>> 342
342: ../data/4.dat ../data/8.dat 
>> 2 324
324: ../data/1.dat ../data/3.dat ../data/8.dat 
>> 45
45: NOT FOUND
>> . 234
234: ../data/6.dat ../data/8.dat 
>> ^C
bcohada1@g7-08:~/i240a/submit/lab3/exercises/5-numpaths$ ./numpaths ../data/*.dat[7Pgedit numpaths.cc

(gedit:497194): Gtk-[1;33mWARNING[0m **: [34m17:49:38.701[0m: Calling org.xfce.Session.Manager.Inhibit failed: GDBus.Error:org.freedesktop.DBus.Error.UnknownMethod: Method "Inhibit" with signature "susu" on interface "org.xfce.Session.Manager" doesn't exist

bcohada1@g7-08:~/i240a/submit/lab3/exercises/5-numpaths$ gedit numpaths.cc./numpaths ../data/*.dat[7Pgedit numpaths.ccsortnums.cc./numpaths ../data/*.dat[2P[C[C[C[C[C[C[C[C[C[C[C[C[C[C[C[C[C[C[C[C[C[Cls[Kmake -f ../Makefile[Kmake -f ../Makefile
g++ -g -Wall -std=c++17    numpaths.cc   -o numpaths
[01m[Knumpaths.cc:36:1:[m[K [01;35m[Kwarning: [m[Kâ€˜[01m[Kstd::ostream& operator<<(std::ostream&, const std::set<std::__cxx11::basic_string<char> >&)[m[Kâ€™ defined but not used [[01;35m[K-Wunused-function[m[K]
 [01;35m[Koperator[m[K<<(std::ostream& out, const std::set<std::string>& set)
 [01;35m[K^~~~~~~~[m[K
cat </dev/null >.gitignore
for t in numpaths; do echo $t >>.gitignore; done
bcohada1@g7-08:~/i240a/submit/lab3/exercises/5-numpaths$ make -f ../Makefile[2Pgedit numpaths.cc./numpaths ../data/*.dat[K[K[K[K[K[K[K[K[K[K[K[K[K[K[K[K[K[K[K[K[K[K[K[K../data/4/dat
bash: ../data/4/dat: No such file or directory
bcohada1@g7-08:~/i240a/submit/lab3/exercises/5-numpaths$ ../data/4/dat[1Pdat.dat
bash: ../data/4.dat: Permission denied
bcohada1@g7-08:~/i240a/submit/lab3/exercises/5-numpaths$ ls
numpaths  numpaths.cc
bcohada1@g7-08:~/i240a/submit/lab3/exercises/5-numpaths$ ls../data/4.dat[K[K[K[K[K6.dat
bash: ../data/6.dat: Permission denied
bcohada1@g7-08:~/i240a/submit/lab3/exercises/5-numpaths$ ../data/6.datls[K../data/4.dat/datmake -f ../Makefile[2Pgedit numpaths.cc./numpaths ../data/*.dat[7Pgedit numpaths.cc

(gedit:497978): Gtk-[1;33mWARNING[0m **: [34m17:56:45.117[0m: Calling org.xfce.Session.Manager.Inhibit failed: GDBus.Error:org.freedesktop.DBus.Error.UnknownMethod: Method "Inhibit" with signature "susu" on interface "org.xfce.Session.Manager" doesn't exist

bcohada1@g7-08:~/i240a/submit/lab3/exercises/5-numpaths$ gedit numpaths.cc[4P../data/6.datls[K../data/4.dat/datmake -f ../Makefile
g++ -g -Wall -std=c++17    numpaths.cc   -o numpaths
[01m[Knumpaths.cc:[m[K In function â€˜[01m[Kstd::map<std::__cxx11::basic_string<char>, int> readNums(std::vector<std::__cxx11::basic_string<char> >)[m[Kâ€™:
[01m[Knumpaths.cc:16:12:[m[K [01;31m[Kerror: [m[Kâ€˜[01m[KFileName[m[Kâ€™ was not declared in this scope
   std::map<[01;31m[KFileName[m[K, int> map; //empty collection
            [01;31m[K^~~~~~~~[m[K
[01m[Knumpaths.cc:16:12:[m[K [01;36m[Knote: [m[Ksuggested alternative: â€˜[01m[KFileNames[m[Kâ€™
   std::map<[01;36m[KFileName[m[K, int> map; //empty collection
            [01;36m[K^~~~~~~~[m[K
            [32m[KFileNames[m[K
[01m[Knumpaths.cc:16:25:[m[K [01;31m[Kerror: [m[Ktemplate argument 1 is invalid
   std::map<FileName, int[01;31m[K>[m[K map; //empty collection
                         [01;31m[K^[m[K
[01m[Knumpaths.cc:16:25:[m[K [01;31m[Kerror: [m[Ktemplate argument 3 is invalid
[01m[Knumpaths.cc:16:25:[m[K [01;31m[Kerror: [m[Ktemplate argument 4 is invalid
[01m[Knumpaths.cc:25:10:[m[K [01;31m[Kerror: [m[Kno match for â€˜[01m[Koperator[][m[Kâ€™ (operand types are â€˜[01m[Kint[m[Kâ€™ and â€˜[01m[Kstd::__cxx11::basic_string<char>[m[Kâ€™)
       map[01;31m[K[[m[KfileName]+=i;
          [01;31m[K^[m[K
[01m[Knumpaths.cc:32:10:[m[K [01;31m[Kerror: [m[Kcould not convert â€˜[01m[Kmap[m[Kâ€™ from â€˜[01m[Kint[m[Kâ€™ to â€˜[01m[Kstd::map<std::__cxx11::basic_string<char>, int>[m[Kâ€™
   return [01;31m[Kmap[m[K;
          [01;31m[K^~~[m[K
[01m[Knumpaths.cc:[m[K At global scope:
[01m[Knumpaths.cc:43:25:[m[K [01;31m[Kerror: [m[Kâ€˜[01m[KFileName[m[Kâ€™ was not declared in this scope
 interact(const std::map<[01;31m[KFileName[m[K, int>& map)
                         [01;31m[K^~~~~~~~[m[K
[01m[Knumpaths.cc:43:25:[m[K [01;36m[Knote: [m[Ksuggested alternative: â€˜[01m[KFileNames[m[Kâ€™
 interact(const std::map<[01;36m[KFileName[m[K, int>& map)
                         [01;36m[K^~~~~~~~[m[K
                         [32m[KFileNames[m[K
[01m[Knumpaths.cc:43:38:[m[K [01;31m[Kerror: [m[Ktemplate argument 1 is invalid
 interact(const std::map<FileName, int[01;31m[K>[m[K& map)
                                      [01;31m[K^[m[K
[01m[Knumpaths.cc:43:38:[m[K [01;31m[Kerror: [m[Ktemplate argument 3 is invalid
[01m[Knumpaths.cc:43:38:[m[K [01;31m[Kerror: [m[Ktemplate argument 4 is invalid
[01m[Knumpaths.cc:[m[K In function â€˜[01m[Kvoid interact(const int&)[m[Kâ€™:
[01m[Knumpaths.cc:49:27:[m[K [01;31m[Kerror: [m[Krequest for member â€˜[01m[Kat[m[Kâ€™ in â€˜[01m[Kmap[m[Kâ€™, which is of non-class type â€˜[01m[Kconst int[m[Kâ€™
       int filenames = map.[01;31m[Kat[m[K(i);
                           [01;31m[K^~[m[K
[01m[Knumpaths.cc:[m[K In function â€˜[01m[Kint main(int, char**)[m[Kâ€™:
[01m[Knumpaths.cc:67:12:[m[K [01;31m[Kerror: [m[Kinvalid initialization of reference of type â€˜[01m[Kconst int&[m[Kâ€™ from expression of type â€˜[01m[Kstd::map<std::__cxx11::basic_string<char>, int>[m[Kâ€™
   interact([01;31m[Kmap[m[K);
            [01;31m[K^~~[m[K
[01m[Knumpaths.cc:43:1:[m[K [01;36m[Knote: [m[Kin passing argument 1 of â€˜[01m[Kvoid interact(const int&)[m[Kâ€™
 [01;36m[Kinteract[m[K(const std::map<FileName, int>& map)
 [01;36m[K^~~~~~~~[m[K
[01m[Knumpaths.cc:[m[K At global scope:
[01m[Knumpaths.cc:36:1:[m[K [01;35m[Kwarning: [m[Kâ€˜[01m[Kstd::ostream& operator<<(std::ostream&, const std::set<std::__cxx11::basic_string<char> >&)[m[Kâ€™ defined but not used [[01;35m[K-Wunused-function[m[K]
 [01;35m[Koperator[m[K<<(std::ostream& out, const std::set<std::string>& set)
 [01;35m[K^~~~~~~~[m[K
make: *** [<builtin>: numpaths] Error 1
bcohada1@g7-08:~/i240a/submit/lab3/exercises/5-numpaths$ make -f ../Makefile[2Pgedit numpaths.cc

(gedit:498434): Gtk-[1;33mWARNING[0m **: [34m17:59:32.661[0m: Calling org.xfce.Session.Manager.Inhibit failed: GDBus.Error:org.freedesktop.DBus.Error.UnknownMethod: Method "Inhibit" with signature "susu" on interface "org.xfce.Session.Manager" doesn't exist

bcohada1@g7-08:~/i240a/submit/lab3/exercises/5-numpaths$ gedit numpaths.ccmake -f ../Makefile
g++ -g -Wall -std=c++17    numpaths.cc   -o numpaths
[01m[Knumpaths.cc:[m[K In function â€˜[01m[Kstd::map<std::__cxx11::basic_string<char>, int> readNums(std::vector<std::__cxx11::basic_string<char> >)[m[Kâ€™:
[01m[Knumpaths.cc:16:12:[m[K [01;31m[Kerror: [m[Kâ€˜[01m[KfileName[m[Kâ€™ was not declared in this scope
   std::map<[01;31m[KfileName[m[K, int> map; //empty collection
            [01;31m[K^~~~~~~~[m[K
[01m[Knumpaths.cc:16:12:[m[K [01;36m[Knote: [m[Ksuggested alternative: â€˜[01m[KfileNames[m[Kâ€™
   std::map<[01;36m[KfileName[m[K, int> map; //empty collection
            [01;36m[K^~~~~~~~[m[K
            [32m[KfileNames[m[K
[01m[Knumpaths.cc:16:25:[m[K [01;31m[Kerror: [m[Ktemplate argument 1 is invalid
   std::map<fileName, int[01;31m[K>[m[K map; //empty collection
                         [01;31m[K^[m[K
[01m[Knumpaths.cc:16:25:[m[K [01;31m[Kerror: [m[Ktemplate argument 3 is invalid
[01m[Knumpaths.cc:16:25:[m[K [01;31m[Kerror: [m[Ktemplate argument 4 is invalid
[01m[Knumpaths.cc:25:10:[m[K [01;31m[Kerror: [m[Kno match for â€˜[01m[Koperator[][m[Kâ€™ (operand types are â€˜[01m[Kint[m[Kâ€™ and â€˜[01m[Kstd::__cxx11::basic_string<char>[m[Kâ€™)
       map[01;31m[K[[m[KfileName]+=i;
          [01;31m[K^[m[K
[01m[Knumpaths.cc:32:10:[m[K [01;31m[Kerror: [m[Kcould not convert â€˜[01m[Kmap[m[Kâ€™ from â€˜[01m[Kint[m[Kâ€™ to â€˜[01m[Kstd::map<std::__cxx11::basic_string<char>, int>[m[Kâ€™
   return [01;31m[Kmap[m[K;
          [01;31m[K^~~[m[K
[01m[Knumpaths.cc:[m[K At global scope:
[01m[Knumpaths.cc:43:25:[m[K [01;31m[Kerror: [m[Kâ€˜[01m[KfileName[m[Kâ€™ was not declared in this scope
 interact(const std::map<[01;31m[KfileName[m[K, int>& map)
                         [01;31m[K^~~~~~~~[m[K
[01m[Knumpaths.cc:43:25:[m[K [01;36m[Knote: [m[Ksuggested alternative: â€˜[01m[KFileNames[m[Kâ€™
 interact(const std::map<[01;36m[KfileName[m[K, int>& map)
                         [01;36m[K^~~~~~~~[m[K
                         [32m[KFileNames[m[K
[01m[Knumpaths.cc:43:38:[m[K [01;31m[Kerror: [m[Ktemplate argument 1 is invalid
 interact(const std::map<fileName, int[01;31m[K>[m[K& map)
                                      [01;31m[K^[m[K
[01m[Knumpaths.cc:43:38:[m[K [01;31m[Kerror: [m[Ktemplate argument 3 is invalid
[01m[Knumpaths.cc:43:38:[m[K [01;31m[Kerror: [m[Ktemplate argument 4 is invalid
[01m[Knumpaths.cc:[m[K In function â€˜[01m[Kvoid interact(const int&)[m[Kâ€™:
[01m[Knumpaths.cc:49:27:[m[K [01;31m[Kerror: [m[Krequest for member â€˜[01m[Kat[m[Kâ€™ in â€˜[01m[Kmap[m[Kâ€™, which is of non-class type â€˜[01m[Kconst int[m[Kâ€™
       int filenames = map.[01;31m[Kat[m[K(i);
                           [01;31m[K^~[m[K
[01m[Knumpaths.cc:[m[K In function â€˜[01m[Kint main(int, char**)[m[Kâ€™:
[01m[Knumpaths.cc:67:12:[m[K [01;31m[Kerror: [m[Kinvalid initialization of reference of type â€˜[01m[Kconst int&[m[Kâ€™ from expression of type â€˜[01m[Kstd::map<std::__cxx11::basic_string<char>, int>[m[Kâ€™
   interact([01;31m[Kmap[m[K);
            [01;31m[K^~~[m[K
[01m[Knumpaths.cc:43:1:[m[K [01;36m[Knote: [m[Kin passing argument 1 of â€˜[01m[Kvoid interact(const int&)[m[Kâ€™
 [01;36m[Kinteract[m[K(const std::map<fileName, int>& map)
 [01;36m[K^~~~~~~~[m[K
[01m[Knumpaths.cc:[m[K At global scope:
[01m[Knumpaths.cc:36:1:[m[K [01;35m[Kwarning: [m[Kâ€˜[01m[Kstd::ostream& operator<<(std::ostream&, const std::set<std::__cxx11::basic_string<char> >&)[m[Kâ€™ defined but not used [[01;35m[K-Wunused-function[m[K]
 [01;35m[Koperator[m[K<<(std::ostream& out, const std::set<std::string>& set)
 [01;35m[K^~~~~~~~[m[K
make: *** [<builtin>: numpaths] Error 1
bcohada1@g7-08:~/i240a/submit/lab3/exercises/5-numpaths$ make -f ../Makefile[K[K[K[K[K[K[K[K[Kgedit numpaths.ccmake -f ../Makefile[2Pgedit numpaths.cc
bcohada1@g7-08:~/i240a/submit/lab3/exercises/5-numpaths$ gedit numpaths.cc[7Pmake -f ..gedit numpaths.ccmake -f ../Makefile
g++ -g -Wall -std=c++17    numpaths.cc   -o numpaths
[01m[Knumpaths.cc:[m[K In function â€˜[01m[Kstd::map<std::__cxx11::basic_string<char>, int> readNums(std::vector<std::__cxx11::basic_string<char> >)[m[Kâ€™:
[01m[Knumpaths.cc:16:12:[m[K [01;31m[Kerror: [m[Kâ€˜[01m[KfileName[m[Kâ€™ was not declared in this scope
   std::map<[01;31m[KfileName[m[K, int> map; //empty collection
            [01;31m[K^~~~~~~~[m[K
[01m[Knumpaths.cc:16:12:[m[K [01;36m[Knote: [m[Ksuggested alternative: â€˜[01m[KfileNames[m[Kâ€™
   std::map<[01;36m[KfileName[m[K, int> map; //empty collection
            [01;36m[K^~~~~~~~[m[K
            [32m[KfileNames[m[K
[01m[Knumpaths.cc:16:25:[m[K [01;31m[Kerror: [m[Ktemplate argument 1 is invalid
   std::map<fileName, int[01;31m[K>[m[K map; //empty collection
                         [01;31m[K^[m[K
[01m[Knumpaths.cc:16:25:[m[K [01;31m[Kerror: [m[Ktemplate argument 3 is invalid
[01m[Knumpaths.cc:16:25:[m[K [01;31m[Kerror: [m[Ktemplate argument 4 is invalid
[01m[Knumpaths.cc:25:10:[m[K [01;31m[Kerror: [m[Kno match for â€˜[01m[Koperator[][m[Kâ€™ (operand types are â€˜[01m[Kint[m[Kâ€™ and â€˜[01m[Kstd::__cxx11::basic_string<char>[m[Kâ€™)
       map[01;31m[K[[m[KfileName]+=i;
          [01;31m[K^[m[K
[01m[Knumpaths.cc:32:10:[m[K [01;31m[Kerror: [m[Kcould not convert â€˜[01m[Kmap[m[Kâ€™ from â€˜[01m[Kint[m[Kâ€™ to â€˜[01m[Kstd::map<std::__cxx11::basic_string<char>, int>[m[Kâ€™
   return [01;31m[Kmap[m[K;
          [01;31m[K^~~[m[K
[01m[Knumpaths.cc:[m[K At global scope:
[01m[Knumpaths.cc:43:25:[m[K [01;31m[Kerror: [m[Kâ€˜[01m[KfileName[m[Kâ€™ was not declared in this scope
 interact(const std::map<[01;31m[KfileName[m[K, int>& map)
                         [01;31m[K^~~~~~~~[m[K
[01m[Knumpaths.cc:43:25:[m[K [01;36m[Knote: [m[Ksuggested alternative: â€˜[01m[KFileNames[m[Kâ€™
 interact(const std::map<[01;36m[KfileName[m[K, int>& map)
                         [01;36m[K^~~~~~~~[m[K
                         [32m[KFileNames[m[K
[01m[Knumpaths.cc:43:38:[m[K [01;31m[Kerror: [m[Ktemplate argument 1 is invalid
 interact(const std::map<fileName, int[01;31m[K>[m[K& map)
                                      [01;31m[K^[m[K
[01m[Knumpaths.cc:43:38:[m[K [01;31m[Kerror: [m[Ktemplate argument 3 is invalid
[01m[Knumpaths.cc:43:38:[m[K [01;31m[Kerror: [m[Ktemplate argument 4 is invalid
[01m[Knumpaths.cc:[m[K In function â€˜[01m[Kvoid interact(const int&)[m[Kâ€™:
[01m[Knumpaths.cc:49:27:[m[K [01;31m[Kerror: [m[Krequest for member â€˜[01m[Kat[m[Kâ€™ in â€˜[01m[Kmap[m[Kâ€™, which is of non-class type â€˜[01m[Kconst int[m[Kâ€™
       int filenames = map.[01;31m[Kat[m[K(i);
                           [01;31m[K^~[m[K
[01m[Knumpaths.cc:[m[K In function â€˜[01m[Kint main(int, char**)[m[Kâ€™:
[01m[Knumpaths.cc:67:12:[m[K [01;31m[Kerror: [m[Kinvalid initialization of reference of type â€˜[01m[Kconst int&[m[Kâ€™ from expression of type â€˜[01m[Kstd::map<std::__cxx11::basic_string<char>, int>[m[Kâ€™
   interact([01;31m[Kmap[m[K);
            [01;31m[K^~~[m[K
[01m[Knumpaths.cc:43:1:[m[K [01;36m[Knote: [m[Kin passing argument 1 of â€˜[01m[Kvoid interact(const int&)[m[Kâ€™
 [01;36m[Kinteract[m[K(const std::map<fileName, int>& map)
 [01;36m[K^~~~~~~~[m[K
[01m[Knumpaths.cc:[m[K At global scope:
[01m[Knumpaths.cc:36:1:[m[K [01;35m[Kwarning: [m[Kâ€˜[01m[Kstd::ostream& operator<<(std::ostream&, const std::set<std::__cxx11::basic_string<char> >&)[m[Kâ€™ defined but not used [[01;35m[K-Wunused-function[m[K]
 [01;35m[Koperator[m[K<<(std::ostream& out, const std::set<std::string>& set)
 [01;35m[K^~~~~~~~[m[K
make: *** [<builtin>: numpaths] Error 1
bcohada1@g7-08:~/i240a/submit/lab3/exercises/5-numpaths$ make -f ../Makefile[2Pgedit numpaths.cc

(gedit:498554): Gtk-[1;33mWARNING[0m **: [34m18:00:48.460[0m: Calling org.xfce.Session.Manager.Inhibit failed: GDBus.Error:org.freedesktop.DBus.Error.UnknownMethod: Method "Inhibit" with signature "susu" on interface "org.xfce.Session.Manager" doesn't exist

bcohada1@g7-08:~/i240a/submit/lab3/exercises/5-numpaths$ gedit numpaths.ccmake -f ../Makefile
g++ -g -Wall -std=c++17    numpaths.cc   -o numpaths
\[01m[Knumpaths.cc:36:1:[m[K [01;35m[Kwarning: [m[Kâ€˜[01m[Kstd::ostream& operator<<(std::ostream&, const std::set<std::__cxx11::basic_string<char> >&)[m[Kâ€™ defined but not used [[01;35m[K-Wunused-function[m[K]
 [01;35m[Koperator[m[K<<(std::ostream& out, const std::set<std::string>& set)
 [01;35m[K^~~~~~~~[m[K
cat </dev/null >.gitignore
for t in numpaths; do echo $t >>.gitignore; done
bcohada1@g7-08:~/i240a/submit/lab3/exercises/5-numpaths$ \make -f ../Makefile[2Pgedit numpaths.ccmake -f ../Makefile[2Pgedit numpaths.cc[7Pmake -f ..gedit numpaths.ccmake -f ../Makefile[2Pgedit numpaths.cc[4P../data/6.datls[K../data/6.dat
bash: ../data/6.dat: Permission denied
bcohada1@g7-08:~/i240a/submit/lab3/exercises/5-numpaths$ ../data/6.datmake -f ../Makefile[2Pgedit numpaths.cc

(gedit:498702): Gtk-[1;33mWARNING[0m **: [34m18:01:51.387[0m: Calling org.xfce.Session.Manager.Inhibit failed: GDBus.Error:org.freedesktop.DBus.Error.UnknownMethod: Method "Inhibit" with signature "susu" on interface "org.xfce.Session.Manager" doesn't exist

bcohada1@g7-08:~/i240a/submit/lab3/exercises/5-numpaths$ gedit numpaths.cc[4P../data/6.datmake -f ../Makefile
g++ -g -Wall -std=c++17    numpaths.cc   -o numpaths
cat </dev/null >.gitignore
for t in numpaths; do echo $t >>.gitignore; done
bcohada1@g7-08:~/i240a/submit/lab3/exercises/5-numpaths$ make -f ../Makefile[2Pgedit numpaths.cc[4P../data/6.datmake -f ../Makefile[6P../data/6.dat
bash: ../data/6.dat: Permission denied
bcohada1@g7-08:~/i240a/submit/lab3/exercises/5-numpaths$ ../data/6.dat[C[C./data/6.dat/../data/6.dat ../data/6.dat[1P../data/6.datn../data/6.datu../data/6.datm../data/6.datp../data/6.data../data/6.datt../data/6.dath../data/6.dats../data/6.dat ../data/6.dat
>> 326
326: NOT FOUND
>> ../data/dat   6/ .dat
../data/6.dat: 47345
>> ^[[A    ^C
bcohada1@g7-08:~/i240a/submit/lab3/exercises/5-numpaths$ 
bcohada1@g7-08:~/i240a/submit/lab3/exercises/5-numpaths$ ./numpaths ../data/6.dat[K[K[K[K[K[K[K[K[K[K[K[K[K[K
usage: ./numpaths FILE...
bcohada1@g7-08:~/i240a/submit/lab3/exercises/5-numpaths$ ./numpaths ../data/6.dat
>> ^[[A^[[B        ../data. /6.dat
../data/6.dat: 47345
>> ^C
bcohada1@g7-08:~/i240a/submit/lab3/exercises/5-numpaths$ ./numpaths ../data/6.dat[K[K[K[K[K[K[K[K[K[K[K[K[K[K[K[K[K[K[K[K[K[K[K[K./numpaths ../data/*.dat
>> ../data/6.dat
../data/6.dat: 47345
>> ^[[A    ../data/3.dat
../data/3.dat: 56825
>> ^C
bcohada1@g7-08:~/i240a/submit/lab3/exercises/5-numpaths$ exit

Script done on 2020-02-13 18:05:32-05:00 [COMMAND_EXIT_CODE="130"]
